21:37:36.741 [main] INFO  org.testng.internal.Utils - [TestRunner] Running test HomeTest on 1  classes,  included groups:[] excluded groups:[]
21:37:37.394 [main] INFO  org.testng.TestClass - ===== Test class
leaf_test.HomeTest
21:37:37.395 [main] INFO  org.testng.TestClass -   @BeforeMethod BaseClass.browserSetup(java.lang.String,java.lang.String)[pri:0, instance:leaf_test.HomeTest@3243b914]
21:37:37.396 [main] INFO  org.testng.TestClass -   @BeforeMethod HomeTest.pageSetup()[pri:0, instance:leaf_test.HomeTest@3243b914]
21:37:37.397 [main] INFO  org.testng.TestClass -     @Test HomeTest.homepageTest(java.lang.String,java.lang.String)[pri:0, instance:leaf_test.HomeTest@3243b914]
21:37:37.427 [main] INFO  org.testng.TestClass -   @AfterMethod BaseClass.tearDown()[pri:0, instance:leaf_test.HomeTest@3243b914]
21:37:37.427 [main] INFO  org.testng.TestClass - ======
21:37:37.444 [main] INFO  org.testng.internal.Utils - [Utils] DynamicGraphHelper.createDynamicGraph() took 7 ms.
21:37:38.312 [main] INFO  org.testng.internal.Utils - [Invoker 1479140596] Invoking @BeforeMethod BaseClass.browserSetup(java.lang.String,java.lang.String)[pri:0, instance:leaf_test.HomeTest@3243b914]
21:37:39.574 [main] DEBUG io.github.bonigarcia.wdm.WebDriverManager - Using WebDriverManager 6.0.0
21:37:49.707 [main] DEBUG io.github.bonigarcia.wdm.cache.ResolutionCache - Resolution chrome=151 in cache (valid until 22:11:23 26/08/2026 IST)
21:37:49.715 [main] DEBUG io.github.bonigarcia.wdm.cache.ResolutionCache - Resolution chrome151=151.0.7922.138 in cache (valid until 21:11:23 27/08/2026 IST)
21:37:49.716 [main] INFO  io.github.bonigarcia.wdm.WebDriverManager - Using chromedriver 151.0.7922.138 (resolved driver for Chrome 151)
21:37:49.998 [main] DEBUG io.github.bonigarcia.wdm.WebDriverManager - Driver chromedriver 151.0.7922.138 found in cache
21:37:50.003 [main] INFO  io.github.bonigarcia.wdm.WebDriverManager - Exporting webdriver.chrome.driver as C:\Users\ADMIN\.cache\selenium\chromedriver\win64\151.0.7922.138\chromedriver.exe
21:38:14.462 [main] INFO  leaf_base.BaseClass - Launched Browser: chrome
21:38:28.163 [main] INFO  leaf_base.BaseClass - Navigated to URL: https://leaftaps.com/opentaps/control/main
21:38:28.166 [main] INFO  org.testng.internal.Utils - [Invoker 1479140596] Invoking @BeforeMethod HomeTest.pageSetup()[pri:0, instance:leaf_test.HomeTest@3243b914]
21:38:30.481 [main] INFO  org.testng.internal.Utils - [Invoker 1479140596] Invoking leaf_test.HomeTest.homepageTest
21:39:19.060 [main] INFO  org.testng.internal.Utils - [Invoker 1479140596] Invoking @AfterMethod BaseClass.tearDown()[pri:0, instance:leaf_test.HomeTest@3243b914]
21:39:24.965 [main] INFO  leaf_base.BaseClass - Browser closed
21:39:27.147 [main] INFO  org.testng.internal.Utils - [[Utils]] Attempting to create C:\Users\ADMIN\eclipse-QA03\AutomationLeaf\test-output\HomeSuite\HomeTest.xml
21:39:27.150 [main] INFO  org.testng.internal.Utils - [[Utils]]   Directory C:\Users\ADMIN\eclipse-QA03\AutomationLeaf\test-output\HomeSuite exists: true
21:39:27.152 [main] INFO  org.testng.internal.Utils - Creating C:\Users\ADMIN\eclipse-QA03\AutomationLeaf\test-output\HomeSuite\HomeTest.xml
21:39:27.174 [main] INFO  org.testng.internal.Utils - [Invoker 1479140596] Invoking @AfterSuite BaseClass.endReport()[pri:0, instance:leaf_test.HomeTest@3243b914]
21:39:27.467 [main] INFO  org.testng.internal.Utils - [TestNG] Time taken by org.testng.reporters.jq.Main@5b5ac798: 225 ms
21:39:27.513 [main] INFO  org.testng.internal.Utils - [[Utils]] Attempting to create C:\Users\ADMIN\eclipse-QA03\AutomationLeaf\test-output\testng-failed.xml
21:39:27.514 [main] INFO  org.testng.internal.Utils - [[Utils]]   Directory C:\Users\ADMIN\eclipse-QA03\AutomationLeaf\test-output exists: true
21:39:27.518 [main] INFO  org.testng.internal.Utils - Creating C:\Users\ADMIN\eclipse-QA03\AutomationLeaf\test-output\testng-failed.xml
21:39:27.525 [main] INFO  org.testng.internal.Utils - [[Utils]] Attempting to create C:\Users\ADMIN\eclipse-QA03\AutomationLeaf\test-output\HomeSuite\testng-failed.xml
21:39:27.526 [main] INFO  org.testng.internal.Utils - [[Utils]]   Directory C:\Users\ADMIN\eclipse-QA03\AutomationLeaf\test-output\HomeSuite exists: true
21:39:27.527 [main] INFO  org.testng.internal.Utils - Creating C:\Users\ADMIN\eclipse-QA03\AutomationLeaf\test-output\HomeSuite\testng-failed.xml
21:39:27.529 [main] INFO  org.testng.internal.Utils - [TestNG] Time taken by org.testng.reporters.FailedReporter@33379242: 62 ms
21:39:27.584 [main] INFO  org.testng.internal.Utils - [TestNG] Time taken by org.testng.reporters.XMLReporter@6e03db1f: 46 ms
21:39:27.603 [main] INFO  org.testng.internal.Utils - [TestNG] Time taken by org.testng.reporters.EmailableReporter2@68699afc: 18 ms
21:39:27.614 [main] INFO  org.testng.internal.Utils - [[Utils]] Attempting to create C:\Users\ADMIN\eclipse-QA03\AutomationLeaf\test-output\junitreports\TEST-leaf_test.HomeTest.xml
21:39:27.614 [main] INFO  org.testng.internal.Utils - [[Utils]]   Directory C:\Users\ADMIN\eclipse-QA03\AutomationLeaf\test-output\junitreports exists: true
21:39:27.617 [main] INFO  org.testng.internal.Utils - Creating C:\Users\ADMIN\eclipse-QA03\AutomationLeaf\test-output\junitreports\TEST-leaf_test.HomeTest.xml
21:39:27.618 [main] INFO  org.testng.internal.Utils - [TestNG] Time taken by org.testng.reporters.JUnitReportReporter@3a2e9f5b: 14 ms
21:39:27.618 [main] INFO  org.testng.internal.Utils - [TestNG] Time taken by org.testng.internal.ExitCodeListener@7da34b26: 0 ms
21:39:46.445 [main] DEBUG org.testng.TestNG - suiteXmlPath: "C:\Users\ADMIN\eclipse-QA03\AutomationLeaf\home.xml"
21:39:46.911 [main] INFO  org.testng.internal.Utils - [TestRunner] Running the tests in 'HomeTest' with parallel mode:tests
21:39:46.915 [main] INFO  org.testng.internal.Utils - [RunInfo] Adding method selector: org.testng.internal.XmlMethodSelector@22356acd priority: 10
21:39:47.006 [main] INFO  org.testng.internal.Utils - [TestClass] Creating TestClass for [ClassImpl class=leaf_test.HomeTest]
21:39:47.070 [main] INFO  org.testng.internal.Utils - [Utils] MethodGroupsHelper.collectMethodsByGroup() took 8 ms.
21:39:47.094 [main] INFO  org.testng.internal.Utils - [Utils] MethodGroupsHelper.sortMethods() took 20 ms.
21:39:47.099 [main] INFO  org.testng.internal.Utils - [Utils] MethodGroupsHelper.collectMethodsByGroup() took 0 ms.
21:39:47.100 [main] INFO  org.testng.internal.Utils - [Utils] MethodGroupsHelper.sortMethods() took 0 ms.
21:39:47.102 [main] INFO  org.testng.internal.Utils - [Utils] MethodGroupsHelper.collectMethodsByGroup() took 0 ms.
21:39:47.102 [main] INFO  org.testng.internal.Utils - [Utils] MethodGroupsHelper.sortMethods() took 0 ms.
21:39:47.104 [main] INFO  org.testng.internal.Utils - [Utils] MethodGroupsHelper.collectMethodsByGroup() took 0 ms.
21:39:47.105 [main] INFO  org.testng.internal.Utils - [Utils] MethodGroupsHelper.sortMethods() took 0 ms.
21:39:47.106 [main] INFO  org.testng.internal.Utils - [Utils] MethodGroupsHelper.collectMethodsByGroup() took 0 ms.
21:39:47.106 [main] INFO  org.testng.internal.Utils - [Utils] MethodGroupsHelper.sortMethods() took 0 ms.
21:39:47.107 [main] INFO  org.testng.internal.Utils - [Utils] MethodGroupsHelper.collectMethodsByGroup() took 0 ms.
21:39:47.108 [main] INFO  org.testng.internal.Utils - [Utils] MethodGroupsHelper.sortMethods() took 0 ms.
21:39:47.109 [main] INFO  org.testng.internal.Utils - [Utils] MethodGroupsHelper.collectMethodsByGroup() took 0 ms.
21:39:47.109 [main] INFO  org.testng.internal.Utils - [Utils] MethodGroupsHelper.sortMethods() took 0 ms.
21:39:47.110 [main] INFO  org.testng.internal.Utils - [Utils] MethodGroupsHelper.collectMethodsByGroup() took 0 ms.
21:39:47.110 [main] INFO  org.testng.internal.Utils - [Utils] MethodGroupsHelper.sortMethods() took 0 ms.
21:39:47.115 [main] INFO  org.testng.internal.Utils - [Utils] MethodGroupsHelper.collectMethodsByGroup() took 0 ms.
21:39:47.132 [main] INFO  org.testng.internal.Utils - [Utils] MethodGroupsHelper.sortMethods() took 16 ms.
21:39:47.136 [main] INFO  org.testng.internal.Utils - [Utils] MethodGroupsHelper.collectMethodsByGroup() took 0 ms.
21:39:47.137 [main] INFO  org.testng.internal.Utils - [Utils] MethodGroupsHelper.sortMethods() took 1 ms.
21:39:47.145 [main] INFO  org.testng.internal.Utils - [Utils] MethodGroupsHelper.collectMethodsByGroup() took 0 ms.
21:39:47.145 [main] INFO  org.testng.internal.Utils - [Utils] MethodGroupsHelper.sortMethods() took 0 ms.
21:39:47.146 [main] INFO  org.testng.internal.Utils - [Utils] MethodGroupsHelper.collectMethodsByGroup() took 0 ms.
21:39:47.146 [main] INFO  org.testng.internal.Utils - [Utils] MethodGroupsHelper.sortMethods() took 0 ms.
21:39:47.147 [main] INFO  org.testng.internal.Utils - [Utils] MethodGroupsHelper.collectMethodsByGroup() took 0 ms.
21:39:47.148 [main] INFO  org.testng.internal.Utils - [Utils] MethodGroupsHelper.sortMethods() took 0 ms.
21:39:47.151 [main] INFO  org.testng.internal.Utils - [Utils] MethodGroupsHelper.collectMethodsByGroup() took 0 ms.
21:39:47.151 [main] INFO  org.testng.internal.Utils - [Utils] MethodGroupsHelper.sortMethods() took 0 ms.
21:39:47.151 [main] INFO  org.testng.internal.Utils - [Utils] MethodGroupsHelper.collectMethodsByGroup() took 0 ms.
21:39:47.152 [main] INFO  org.testng.internal.Utils - [Utils] MethodGroupsHelper.sortMethods() took 0 ms.
21:39:47.166 [main] INFO  org.testng.internal.Utils - [TestNG] Running:
  C:\Users\ADMIN\eclipse-QA03\AutomationLeaf\home.xml

21:39:47.193 [main] INFO  org.testng.internal.Utils - [Invoker 204322447] Invoking @BeforeSuite BaseClass.startReport()[pri:0, instance:leaf_test.HomeTest@4dc8caa7]
21:39:47.589 [main] INFO  org.testng.internal.Utils - [SuiteRunner] Created 1 TestRunners
21:39:47.597 [main] INFO  org.testng.internal.Utils - [TestRunner] Running test HomeTest on 1  classes,  included groups:[] excluded groups:[]
21:39:47.597 [main] INFO  org.testng.TestClass - ===== Test class
leaf_test.HomeTest
21:39:47.597 [main] INFO  org.testng.TestClass -   @BeforeMethod BaseClass.browserSetup(java.lang.String,java.lang.String)[pri:0, instance:leaf_test.HomeTest@4dc8caa7]
21:39:47.598 [main] INFO  org.testng.TestClass -   @BeforeMethod HomeTest.pageSetup()[pri:0, instance:leaf_test.HomeTest@4dc8caa7]
21:39:47.598 [main] INFO  org.testng.TestClass -     @Test HomeTest.homepageTest(java.lang.String,java.lang.String)[pri:0, instance:leaf_test.HomeTest@4dc8caa7]
21:39:47.598 [main] INFO  org.testng.TestClass -   @AfterMethod BaseClass.tearDown()[pri:0, instance:leaf_test.HomeTest@4dc8caa7]
21:39:47.598 [main] INFO  org.testng.TestClass - ======
21:39:47.611 [main] INFO  org.testng.internal.Utils - [Utils] DynamicGraphHelper.createDynamicGraph() took 5 ms.
21:39:47.651 [main] INFO  org.testng.internal.Utils - [Invoker 204322447] Invoking @BeforeMethod BaseClass.browserSetup(java.lang.String,java.lang.String)[pri:0, instance:leaf_test.HomeTest@4dc8caa7]
21:39:47.681 [main] DEBUG io.github.bonigarcia.wdm.WebDriverManager - Using WebDriverManager 6.0.0
21:39:48.631 [main] DEBUG io.github.bonigarcia.wdm.cache.ResolutionCache - Resolution chrome=151 in cache (valid until 22:11:23 26/08/2026 IST)
21:39:48.634 [main] DEBUG io.github.bonigarcia.wdm.cache.ResolutionCache - Resolution chrome151=151.0.7922.138 in cache (valid until 21:11:23 27/08/2026 IST)
21:39:48.635 [main] INFO  io.github.bonigarcia.wdm.WebDriverManager - Using chromedriver 151.0.7922.138 (resolved driver for Chrome 151)
21:39:48.671 [main] DEBUG io.github.bonigarcia.wdm.WebDriverManager - Driver chromedriver 151.0.7922.138 found in cache
21:39:48.674 [main] INFO  io.github.bonigarcia.wdm.WebDriverManager - Exporting webdriver.chrome.driver as C:\Users\ADMIN\.cache\selenium\chromedriver\win64\151.0.7922.138\chromedriver.exe
21:39:59.745 [main] INFO  leaf_base.BaseClass - Launched Browser: chrome
21:40:10.093 [main] INFO  leaf_base.BaseClass - Navigated to URL: https://leaftaps.com/opentaps/control/main
21:40:10.095 [main] INFO  org.testng.internal.Utils - [Invoker 204322447] Invoking @BeforeMethod HomeTest.pageSetup()[pri:0, instance:leaf_test.HomeTest@4dc8caa7]
21:40:10.376 [main] INFO  org.testng.internal.Utils - [Invoker 204322447] Invoking leaf_test.HomeTest.homepageTest
21:40:27.476 [main] INFO  org.testng.internal.Utils - [Invoker 204322447] Invoking @AfterMethod BaseClass.tearDown()[pri:0, instance:leaf_test.HomeTest@4dc8caa7]
21:40:35.148 [main] INFO  leaf_base.BaseClass - Browser closed
21:40:37.794 [main] INFO  org.testng.internal.Utils - [[Utils]] Attempting to create C:\Users\ADMIN\eclipse-QA03\AutomationLeaf\test-output\HomeSuite\HomeTest.xml
21:40:37.796 [main] INFO  org.testng.internal.Utils - [[Utils]]   Directory C:\Users\ADMIN\eclipse-QA03\AutomationLeaf\test-output\HomeSuite exists: true
21:40:37.797 [main] INFO  org.testng.internal.Utils - Creating C:\Users\ADMIN\eclipse-QA03\AutomationLeaf\test-output\HomeSuite\HomeTest.xml
21:40:37.811 [main] INFO  org.testng.internal.Utils - [Invoker 204322447] Invoking @AfterSuite BaseClass.endReport()[pri:0, instance:leaf_test.HomeTest@4dc8caa7]
21:40:38.122 [main] INFO  org.testng.internal.Utils - [TestNG] Time taken by org.testng.reporters.jq.Main@784223e9: 266 ms
21:40:38.125 [main] INFO  org.testng.internal.Utils - [TestNG] Time taken by org.testng.reporters.FailedReporter@73a8e994: 2 ms
21:40:38.155 [main] INFO  org.testng.internal.Utils - [TestNG] Time taken by org.testng.reporters.XMLReporter@b3e86d5: 29 ms
21:40:38.210 [main] INFO  org.testng.internal.Utils - [TestNG] Time taken by org.testng.reporters.EmailableReporter2@77fa9381: 55 ms
21:40:38.219 [main] INFO  org.testng.internal.Utils - [[Utils]] Attempting to create C:\Users\ADMIN\eclipse-QA03\AutomationLeaf\test-output\junitreports\TEST-leaf_test.HomeTest.xml
21:40:38.219 [main] INFO  org.testng.internal.Utils - [[Utils]]   Directory C:\Users\ADMIN\eclipse-QA03\AutomationLeaf\test-output\junitreports exists: true
21:40:38.221 [main] INFO  org.testng.internal.Utils - Creating C:\Users\ADMIN\eclipse-QA03\AutomationLeaf\test-output\junitreports\TEST-leaf_test.HomeTest.xml
21:40:38.222 [main] INFO  org.testng.internal.Utils - [TestNG] Time taken by org.testng.reporters.JUnitReportReporter@2e32fc22: 12 ms
21:40:38.223 [main] INFO  org.testng.internal.Utils - [TestNG] Time taken by org.testng.internal.ExitCodeListener@3f5156a6: 1 ms
21:47:56.809 [main] DEBUG org.testng.TestNG - suiteXmlPath: "C:\Users\ADMIN\eclipse-QA03\AutomationLeaf\home.xml"
21:47:57.229 [main] INFO  org.testng.internal.Utils - [TestRunner] Running the tests in 'HomeTest' with parallel mode:tests
21:47:57.237 [main] INFO  org.testng.internal.Utils - [RunInfo] Adding method selector: org.testng.internal.XmlMethodSelector@3f91b517 priority: 10
21:47:57.344 [main] INFO  org.testng.internal.Utils - [TestClass] Creating TestClass for [ClassImpl class=leaf_test.HomeTest]
21:47:57.454 [main] INFO  org.testng.internal.Utils - [Utils] MethodGroupsHelper.collectMethodsByGroup() took 16 ms.
21:47:57.517 [main] INFO  org.testng.internal.Utils - [Utils] MethodGroupsHelper.sortMethods() took 58 ms.
21:47:57.521 [main] INFO  org.testng.internal.Utils - [Utils] MethodGroupsHelper.collectMethodsByGroup() took 0 ms.
21:47:57.522 [main] INFO  org.testng.internal.Utils - [Utils] MethodGroupsHelper.sortMethods() took 1 ms.
21:47:57.524 [main] INFO  org.testng.internal.Utils - [Utils] MethodGroupsHelper.collectMethodsByGroup() took 0 ms.
21:47:57.524 [main] INFO  org.testng.internal.Utils - [Utils] MethodGroupsHelper.sortMethods() took 0 ms.
21:47:57.526 [main] INFO  org.testng.internal.Utils - [Utils] MethodGroupsHelper.collectMethodsByGroup() took 0 ms.
21:47:57.526 [main] INFO  org.testng.internal.Utils - [Utils] MethodGroupsHelper.sortMethods() took 0 ms.
21:47:57.527 [main] INFO  org.testng.internal.Utils - [Utils] MethodGroupsHelper.collectMethodsByGroup() took 0 ms.
21:47:57.528 [main] INFO  org.testng.internal.Utils - [Utils] MethodGroupsHelper.sortMethods() took 0 ms.
21:47:57.530 [main] INFO  org.testng.internal.Utils - [Utils] MethodGroupsHelper.collectMethodsByGroup() took 0 ms.
21:47:57.530 [main] INFO  org.testng.internal.Utils - [Utils] MethodGroupsHelper.sortMethods() took 0 ms.
21:47:57.532 [main] INFO  org.testng.internal.Utils - [Utils] MethodGroupsHelper.collectMethodsByGroup() took 0 ms.
21:47:57.532 [main] INFO  org.testng.internal.Utils - [Utils] MethodGroupsHelper.sortMethods() took 0 ms.
21:47:57.533 [main] INFO  org.testng.internal.Utils - [Utils] MethodGroupsHelper.collectMethodsByGroup() took 0 ms.
21:47:57.534 [main] INFO  org.testng.internal.Utils - [Utils] MethodGroupsHelper.sortMethods() took 0 ms.
21:47:57.540 [main] INFO  org.testng.internal.Utils - [Utils] MethodGroupsHelper.collectMethodsByGroup() took 0 ms.
21:47:57.567 [main] INFO  org.testng.internal.Utils - [Utils] MethodGroupsHelper.sortMethods() took 25 ms.
21:47:57.571 [main] INFO  org.testng.internal.Utils - [Utils] MethodGroupsHelper.collectMethodsByGroup() took 0 ms.
21:47:57.572 [main] INFO  org.testng.internal.Utils - [Utils] MethodGroupsHelper.sortMethods() took 0 ms.
21:47:57.602 [main] INFO  org.testng.internal.Utils - [Utils] MethodGroupsHelper.collectMethodsByGroup() took 0 ms.
21:47:57.603 [main] INFO  org.testng.internal.Utils - [Utils] MethodGroupsHelper.sortMethods() took 1 ms.
21:47:57.603 [main] INFO  org.testng.internal.Utils - [Utils] MethodGroupsHelper.collectMethodsByGroup() took 0 ms.
21:47:57.604 [main] INFO  org.testng.internal.Utils - [Utils] MethodGroupsHelper.sortMethods() took 0 ms.
21:47:57.606 [main] INFO  org.testng.internal.Utils - [Utils] MethodGroupsHelper.collectMethodsByGroup() took 0 ms.
21:47:57.607 [main] INFO  org.testng.internal.Utils - [Utils] MethodGroupsHelper.sortMethods() took 1 ms.
21:47:57.610 [main] INFO  org.testng.internal.Utils - [Utils] MethodGroupsHelper.collectMethodsByGroup() took 0 ms.
21:47:57.610 [main] INFO  org.testng.internal.Utils - [Utils] MethodGroupsHelper.sortMethods() took 0 ms.
21:47:57.611 [main] INFO  org.testng.internal.Utils - [Utils] MethodGroupsHelper.collectMethodsByGroup() took 0 ms.
21:47:57.612 [main] INFO  org.testng.internal.Utils - [Utils] MethodGroupsHelper.sortMethods() took 1 ms.
21:47:57.641 [main] INFO  org.testng.internal.Utils - [Invoker 1176932104] Invoking @BeforeSuite BaseClass.startReport()[pri:0, instance:leaf_test.HomeTest@7862f56]
21:47:58.347 [main] INFO  org.testng.internal.Utils - [SuiteRunner] Created 1 TestRunners
21:47:58.361 [main] INFO  org.testng.internal.Utils - [TestRunner] Running test HomeTest on 1  classes,  included groups:[] excluded groups:[]
21:47:58.361 [main] INFO  org.testng.TestClass - ===== Test class
leaf_test.HomeTest
21:47:58.361 [main] INFO  org.testng.TestClass -   @BeforeMethod BaseClass.browserSetup(java.lang.String,java.lang.String)[pri:0, instance:leaf_test.HomeTest@7862f56]
21:47:58.362 [main] INFO  org.testng.TestClass -   @BeforeMethod HomeTest.pageSetup()[pri:0, instance:leaf_test.HomeTest@7862f56]
21:47:58.362 [main] INFO  org.testng.TestClass -     @Test HomeTest.homepageTest(java.lang.String,java.lang.String)[pri:0, instance:leaf_test.HomeTest@7862f56]
21:47:58.362 [main] INFO  org.testng.TestClass -   @AfterMethod BaseClass.tearDown()[pri:0, instance:leaf_test.HomeTest@7862f56]
21:47:58.362 [main] INFO  org.testng.TestClass - ======
21:47:58.371 [main] INFO  org.testng.internal.Utils - [Utils] DynamicGraphHelper.createDynamicGraph() took 5 ms.
21:47:58.429 [main] INFO  org.testng.internal.Utils - [Invoker 1176932104] Invoking @BeforeMethod BaseClass.browserSetup(java.lang.String,java.lang.String)[pri:0, instance:leaf_test.HomeTest@7862f56]
21:47:58.529 [main] DEBUG io.github.bonigarcia.wdm.WebDriverManager - Using WebDriverManager 6.0.0
21:48:00.511 [main] DEBUG io.github.bonigarcia.wdm.cache.ResolutionCache - Resolution chrome=151 in cache (valid until 22:11:23 26/08/2026 IST)
21:48:00.513 [main] DEBUG io.github.bonigarcia.wdm.cache.ResolutionCache - Resolution chrome151=151.0.7922.138 in cache (valid until 21:11:23 27/08/2026 IST)
21:48:00.515 [main] INFO  io.github.bonigarcia.wdm.WebDriverManager - Using chromedriver 151.0.7922.138 (resolved driver for Chrome 151)
21:48:00.572 [main] DEBUG io.github.bonigarcia.wdm.WebDriverManager - Driver chromedriver 151.0.7922.138 found in cache
21:48:00.574 [main] INFO  io.github.bonigarcia.wdm.WebDriverManager - Exporting webdriver.chrome.driver as C:\Users\ADMIN\.cache\selenium\chromedriver\win64\151.0.7922.138\chromedriver.exe
21:49:08.201 [main] INFO  leaf_base.BaseClass - Launched Browser: chrome
21:52:55.957 [main] DEBUG org.testng.TestNG - suiteXmlPath: "C:\Users\ADMIN\eclipse-QA03\AutomationLeaf\home.xml"
21:52:56.265 [main] INFO  org.testng.internal.Utils - [TestRunner] Running the tests in 'HomeTest' with parallel mode:tests
21:52:56.274 [main] INFO  org.testng.internal.Utils - [RunInfo] Adding method selector: org.testng.internal.XmlMethodSelector@3f91b517 priority: 10
21:52:56.372 [main] INFO  org.testng.internal.Utils - [TestClass] Creating TestClass for [ClassImpl class=leaf_test.HomeTest]
21:52:56.456 [main] INFO  org.testng.internal.Utils - [Utils] MethodGroupsHelper.collectMethodsByGroup() took 12 ms.
21:52:56.491 [main] INFO  org.testng.internal.Utils - [Utils] MethodGroupsHelper.sortMethods() took 30 ms.
21:52:56.495 [main] INFO  org.testng.internal.Utils - [Utils] MethodGroupsHelper.collectMethodsByGroup() took 0 ms.
21:52:56.496 [main] INFO  org.testng.internal.Utils - [Utils] MethodGroupsHelper.sortMethods() took 0 ms.
21:52:56.498 [main] INFO  org.testng.internal.Utils - [Utils] MethodGroupsHelper.collectMethodsByGroup() took 0 ms.
21:52:56.498 [main] INFO  org.testng.internal.Utils - [Utils] MethodGroupsHelper.sortMethods() took 0 ms.
21:52:56.501 [main] INFO  org.testng.internal.Utils - [Utils] MethodGroupsHelper.collectMethodsByGroup() took 0 ms.
21:52:56.501 [main] INFO  org.testng.internal.Utils - [Utils] MethodGroupsHelper.sortMethods() took 0 ms.
21:52:56.503 [main] INFO  org.testng.internal.Utils - [Utils] MethodGroupsHelper.collectMethodsByGroup() took 0 ms.
21:52:56.503 [main] INFO  org.testng.internal.Utils - [Utils] MethodGroupsHelper.sortMethods() took 0 ms.
21:52:56.504 [main] INFO  org.testng.internal.Utils - [Utils] MethodGroupsHelper.collectMethodsByGroup() took 0 ms.
21:52:56.505 [main] INFO  org.testng.internal.Utils - [Utils] MethodGroupsHelper.sortMethods() took 0 ms.
21:52:56.506 [main] INFO  org.testng.internal.Utils - [Utils] MethodGroupsHelper.collectMethodsByGroup() took 0 ms.
21:52:56.506 [main] INFO  org.testng.internal.Utils - [Utils] MethodGroupsHelper.sortMethods() took 0 ms.
21:52:56.508 [main] INFO  org.testng.internal.Utils - [Utils] MethodGroupsHelper.collectMethodsByGroup() took 0 ms.
21:52:56.508 [main] INFO  org.testng.internal.Utils - [Utils] MethodGroupsHelper.sortMethods() took 0 ms.
21:52:56.515 [main] INFO  org.testng.internal.Utils - [Utils] MethodGroupsHelper.collectMethodsByGroup() took 0 ms.
21:52:56.538 [main] INFO  org.testng.internal.Utils - [Utils] MethodGroupsHelper.sortMethods() took 22 ms.
21:52:56.543 [main] INFO  org.testng.internal.Utils - [Utils] MethodGroupsHelper.collectMethodsByGroup() took 0 ms.
21:52:56.544 [main] INFO  org.testng.internal.Utils - [Utils] MethodGroupsHelper.sortMethods() took 0 ms.
21:52:56.550 [main] INFO  org.testng.internal.Utils - [Utils] MethodGroupsHelper.collectMethodsByGroup() took 0 ms.
21:52:56.551 [main] INFO  org.testng.internal.Utils - [Utils] MethodGroupsHelper.sortMethods() took 0 ms.
21:52:56.551 [main] INFO  org.testng.internal.Utils - [Utils] MethodGroupsHelper.collectMethodsByGroup() took 0 ms.
21:52:56.552 [main] INFO  org.testng.internal.Utils - [Utils] MethodGroupsHelper.sortMethods() took 0 ms.
21:52:56.553 [main] INFO  org.testng.internal.Utils - [Utils] MethodGroupsHelper.collectMethodsByGroup() took 0 ms.
21:52:56.554 [main] INFO  org.testng.internal.Utils - [Utils] MethodGroupsHelper.sortMethods() took 0 ms.
21:52:56.557 [main] INFO  org.testng.internal.Utils - [Utils] MethodGroupsHelper.collectMethodsByGroup() took 0 ms.
21:52:56.557 [main] INFO  org.testng.internal.Utils - [Utils] MethodGroupsHelper.sortMethods() took 0 ms.
21:52:56.558 [main] INFO  org.testng.internal.Utils - [Utils] MethodGroupsHelper.collectMethodsByGroup() took 0 ms.
21:52:56.559 [main] INFO  org.testng.internal.Utils - [Utils] MethodGroupsHelper.sortMethods() took 1 ms.
21:52:56.591 [main] INFO  org.testng.internal.Utils - [Invoker 1176932104] Invoking @BeforeSuite BaseClass.startReport()[pri:0, instance:leaf_test.HomeTest@7862f56]
21:52:57.108 [main] INFO  org.testng.internal.Utils - [SuiteRunner] Created 1 TestRunners
21:52:57.126 [main] INFO  org.testng.internal.Utils - [TestRunner] Running test HomeTest on 1  classes,  included groups:[] excluded groups:[]
21:52:57.126 [main] INFO  org.testng.TestClass - ===== Test class
leaf_test.HomeTest
21:52:57.126 [main] INFO  org.testng.TestClass -   @BeforeMethod BaseClass.browserSetup(java.lang.String,java.lang.String)[pri:0, instance:leaf_test.HomeTest@7862f56]
21:52:57.127 [main] INFO  org.testng.TestClass -   @BeforeMethod HomeTest.pageSetup()[pri:0, instance:leaf_test.HomeTest@7862f56]
21:52:57.127 [main] INFO  org.testng.TestClass -     @Test HomeTest.homepageTest(java.lang.String,java.lang.String)[pri:0, instance:leaf_test.HomeTest@7862f56]
21:52:57.128 [main] INFO  org.testng.TestClass -   @AfterMethod BaseClass.tearDown()[pri:0, instance:leaf_test.HomeTest@7862f56]
21:52:57.128 [main] INFO  org.testng.TestClass - ======
21:52:57.140 [main] INFO  org.testng.internal.Utils - [Utils] DynamicGraphHelper.createDynamicGraph() took 7 ms.
21:52:57.190 [main] INFO  org.testng.internal.Utils - [Invoker 1176932104] Invoking @BeforeMethod BaseClass.browserSetup(java.lang.String,java.lang.String)[pri:0, instance:leaf_test.HomeTest@7862f56]
21:52:57.221 [main] DEBUG io.github.bonigarcia.wdm.WebDriverManager - Using WebDriverManager 6.0.0
21:52:58.218 [main] DEBUG io.github.bonigarcia.wdm.cache.ResolutionCache - Resolution chrome=151 in cache (valid until 22:11:23 26/08/2026 IST)
21:52:58.221 [main] DEBUG io.github.bonigarcia.wdm.cache.ResolutionCache - Resolution chrome151=151.0.7922.138 in cache (valid until 21:11:23 27/08/2026 IST)
21:52:58.222 [main] INFO  io.github.bonigarcia.wdm.WebDriverManager - Using chromedriver 151.0.7922.138 (resolved driver for Chrome 151)
21:52:58.265 [main] DEBUG io.github.bonigarcia.wdm.WebDriverManager - Driver chromedriver 151.0.7922.138 found in cache
21:52:58.267 [main] INFO  io.github.bonigarcia.wdm.WebDriverManager - Exporting webdriver.chrome.driver as C:\Users\ADMIN\.cache\selenium\chromedriver\win64\151.0.7922.138\chromedriver.exe
21:53:11.050 [main] INFO  leaf_base.BaseClass - Launched Browser: chrome
21:53:32.707 [main] INFO  org.testng.internal.Utils - Failed to invoke configuration method leaf_base.BaseClass.browserSetup:timeout: Timed out receiving message from renderer: 0.982
  (Session info: chrome=151.0.7922.174)
Build info: version: '4.36.0', revision: '6d115cfd87'
System info: os.name: 'Windows 10', os.arch: 'amd64', os.version: '10.0', java.version: '17.0.18'
Driver info: org.openqa.selenium.chrome.ChromeDriver
Command: [4d7be49677150f71b1bd0bd1e25a8f18, get {url=https://leaftaps.com/opentaps/control/main}]
Capabilities {acceptInsecureCerts: false, browserName: chrome, browserVersion: 151.0.7922.174, chrome: {chromedriverVersion: 151.0.7922.138 (41fa8244239..., userDataDir: C:\Users\ADMIN\AppData\Loca...}, fedcm:accounts: true, goog:chromeOptions: {debuggerAddress: localhost:58374}, goog:processID: 6768, networkConnectionEnabled: false, pageLoadStrategy: normal, platformName: windows, proxy: Proxy(), se:cdp: ws://localhost:58374/devtoo..., se:cdpVersion: 151.0.7922.174, setWindowRect: true, strictFileInteractability: false, timeouts: {implicit: 0, pageLoad: 300000, script: 30000}, unhandledPromptBehavior: dismiss and notify, webauthn:extension:credBlob: true, webauthn:extension:largeBlob: true, webauthn:extension:minPinLength: true, webauthn:extension:prf: true, webauthn:virtualAuthenticators: true}
Session ID: 4d7be49677150f71b1bd0bd1e25a8f18
21:53:32.726 [main] INFO  org.testng.internal.Utils - [Invoker 1176932104] Skipping @BeforeMethod HomeTest.pageSetup()[pri:0, instance:leaf_test.HomeTest@7862f56]
21:53:33.039 [main] INFO  org.testng.internal.Utils - [Invoker 1176932104] Skipping @AfterMethod BaseClass.tearDown()[pri:0, instance:leaf_test.HomeTest@7862f56]
21:53:36.278 [main] INFO  org.testng.internal.Utils - [[Utils]] Attempting to create C:\Users\ADMIN\eclipse-QA03\AutomationLeaf\target\surefire-reports\HomeSuite\HomeTest.xml
21:53:36.279 [main] INFO  org.testng.internal.Utils - [[Utils]]   Directory C:\Users\ADMIN\eclipse-QA03\AutomationLeaf\target\surefire-reports\HomeSuite exists: true
21:53:36.282 [main] INFO  org.testng.internal.Utils - Creating C:\Users\ADMIN\eclipse-QA03\AutomationLeaf\target\surefire-reports\HomeSuite\HomeTest.xml
21:53:36.368 [main] INFO  org.testng.internal.Utils - [Invoker 1176932104] Skipping @AfterSuite BaseClass.endReport()[pri:0, instance:leaf_test.HomeTest@7862f56]
21:53:36.669 [main] INFO  org.testng.internal.Utils - [TestNG] Time taken by org.testng.reporters.jq.Main@6ed043d3: 291 ms
21:53:36.683 [main] INFO  org.testng.internal.Utils - [[Utils]] Attempting to create C:\Users\ADMIN\eclipse-QA03\AutomationLeaf\target\surefire-reports\testng-failed.xml
21:53:36.684 [main] INFO  org.testng.internal.Utils - [[Utils]]   Directory C:\Users\ADMIN\eclipse-QA03\AutomationLeaf\target\surefire-reports exists: true
21:53:36.685 [main] INFO  org.testng.internal.Utils - Creating C:\Users\ADMIN\eclipse-QA03\AutomationLeaf\target\surefire-reports\testng-failed.xml
21:53:36.690 [main] INFO  org.testng.internal.Utils - [[Utils]] Attempting to create C:\Users\ADMIN\eclipse-QA03\AutomationLeaf\target\surefire-reports\HomeSuite\testng-failed.xml
21:53:36.691 [main] INFO  org.testng.internal.Utils - [[Utils]]   Directory C:\Users\ADMIN\eclipse-QA03\AutomationLeaf\target\surefire-reports\HomeSuite exists: true
21:53:36.693 [main] INFO  org.testng.internal.Utils - Creating C:\Users\ADMIN\eclipse-QA03\AutomationLeaf\target\surefire-reports\HomeSuite\testng-failed.xml
21:53:36.694 [main] INFO  org.testng.internal.Utils - [TestNG] Time taken by org.testng.reporters.FailedReporter@1b5a1d85: 25 ms
21:53:36.737 [main] INFO  org.testng.internal.Utils - [TestNG] Time taken by org.testng.reporters.XMLReporter@7dffda8b: 43 ms
21:53:36.799 [main] INFO  org.testng.internal.Utils - [TestNG] Time taken by org.testng.reporters.EmailableReporter2@41a374be: 61 ms
21:53:36.835 [main] INFO  org.testng.internal.Utils - [[Utils]] Attempting to create C:\Users\ADMIN\eclipse-QA03\AutomationLeaf\target\surefire-reports\junitreports\TEST-leaf_test.HomeTest.xml
21:53:36.836 [main] INFO  org.testng.internal.Utils - [[Utils]]   Directory C:\Users\ADMIN\eclipse-QA03\AutomationLeaf\target\surefire-reports\junitreports exists: true
21:53:36.837 [main] INFO  org.testng.internal.Utils - Creating C:\Users\ADMIN\eclipse-QA03\AutomationLeaf\target\surefire-reports\junitreports\TEST-leaf_test.HomeTest.xml
21:53:36.838 [main] INFO  org.testng.internal.Utils - [TestNG] Time taken by org.testng.reporters.JUnitReportReporter@76b47204: 39 ms
21:53:36.838 [main] INFO  org.testng.internal.Utils - [TestNG] Time taken by org.testng.internal.ExitCodeListener@4d6ccc97: 0 ms
21:54:32.097 [main] DEBUG org.testng.TestNG - suiteXmlPath: "C:\Users\ADMIN\eclipse-QA03\AutomationLeaf\home.xml"
21:54:32.395 [main] INFO  org.testng.internal.Utils - [TestRunner] Running the tests in 'HomeTest' with parallel mode:tests
21:54:32.403 [main] INFO  org.testng.internal.Utils - [RunInfo] Adding method selector: org.testng.internal.XmlMethodSelector@3f91b517 priority: 10
21:54:32.499 [main] INFO  org.testng.internal.Utils - [TestClass] Creating TestClass for [ClassImpl class=leaf_test.HomeTest]
21:54:32.581 [main] INFO  org.testng.internal.Utils - [Utils] MethodGroupsHelper.collectMethodsByGroup() took 13 ms.
21:54:32.617 [main] INFO  org.testng.internal.Utils - [Utils] MethodGroupsHelper.sortMethods() took 31 ms.
21:54:32.622 [main] INFO  org.testng.internal.Utils - [Utils] MethodGroupsHelper.collectMethodsByGroup() took 0 ms.
21:54:32.623 [main] INFO  org.testng.internal.Utils - [Utils] MethodGroupsHelper.sortMethods() took 1 ms.
21:54:32.627 [main] INFO  org.testng.internal.Utils - [Utils] MethodGroupsHelper.collectMethodsByGroup() took 0 ms.
21:54:32.627 [main] INFO  org.testng.internal.Utils - [Utils] MethodGroupsHelper.sortMethods() took 0 ms.
21:54:32.630 [main] INFO  org.testng.internal.Utils - [Utils] MethodGroupsHelper.collectMethodsByGroup() took 0 ms.
21:54:32.630 [main] INFO  org.testng.internal.Utils - [Utils] MethodGroupsHelper.sortMethods() took 0 ms.
21:54:32.632 [main] INFO  org.testng.internal.Utils - [Utils] MethodGroupsHelper.collectMethodsByGroup() took 0 ms.
21:54:32.633 [main] INFO  org.testng.internal.Utils - [Utils] MethodGroupsHelper.sortMethods() took 0 ms.
21:54:32.635 [main] INFO  org.testng.internal.Utils - [Utils] MethodGroupsHelper.collectMethodsByGroup() took 0 ms.
21:54:32.635 [main] INFO  org.testng.internal.Utils - [Utils] MethodGroupsHelper.sortMethods() took 0 ms.
21:54:32.637 [main] INFO  org.testng.internal.Utils - [Utils] MethodGroupsHelper.collectMethodsByGroup() took 0 ms.
21:54:32.637 [main] INFO  org.testng.internal.Utils - [Utils] MethodGroupsHelper.sortMethods() took 0 ms.
21:54:32.639 [main] INFO  org.testng.internal.Utils - [Utils] MethodGroupsHelper.collectMethodsByGroup() took 0 ms.
21:54:32.640 [main] INFO  org.testng.internal.Utils - [Utils] MethodGroupsHelper.sortMethods() took 0 ms.
21:54:32.646 [main] INFO  org.testng.internal.Utils - [Utils] MethodGroupsHelper.collectMethodsByGroup() took 0 ms.
21:54:32.678 [main] INFO  org.testng.internal.Utils - [Utils] MethodGroupsHelper.sortMethods() took 30 ms.
21:54:32.681 [main] INFO  org.testng.internal.Utils - [Utils] MethodGroupsHelper.collectMethodsByGroup() took 0 ms.
21:54:32.682 [main] INFO  org.testng.internal.Utils - [Utils] MethodGroupsHelper.sortMethods() took 0 ms.
21:54:32.690 [main] INFO  org.testng.internal.Utils - [Utils] MethodGroupsHelper.collectMethodsByGroup() took 0 ms.
21:54:32.691 [main] INFO  org.testng.internal.Utils - [Utils] MethodGroupsHelper.sortMethods() took 1 ms.
21:54:32.692 [main] INFO  org.testng.internal.Utils - [Utils] MethodGroupsHelper.collectMethodsByGroup() took 0 ms.
21:54:32.692 [main] INFO  org.testng.internal.Utils - [Utils] MethodGroupsHelper.sortMethods() took 0 ms.
21:54:32.694 [main] INFO  org.testng.internal.Utils - [Utils] MethodGroupsHelper.collectMethodsByGroup() took 0 ms.
21:54:32.695 [main] INFO  org.testng.internal.Utils - [Utils] MethodGroupsHelper.sortMethods() took 1 ms.
21:54:32.698 [main] INFO  org.testng.internal.Utils - [Utils] MethodGroupsHelper.collectMethodsByGroup() took 0 ms.
21:54:32.699 [main] INFO  org.testng.internal.Utils - [Utils] MethodGroupsHelper.sortMethods() took 0 ms.
21:54:32.699 [main] INFO  org.testng.internal.Utils - [Utils] MethodGroupsHelper.collectMethodsByGroup() took 0 ms.
21:54:32.700 [main] INFO  org.testng.internal.Utils - [Utils] MethodGroupsHelper.sortMethods() took 0 ms.
21:54:32.734 [main] INFO  org.testng.internal.Utils - [Invoker 1265012928] Invoking @BeforeSuite BaseClass.startReport()[pri:0, instance:leaf_test.HomeTest@7862f56]
21:54:33.215 [main] INFO  org.testng.internal.Utils - [SuiteRunner] Created 1 TestRunners
21:54:33.225 [main] INFO  org.testng.internal.Utils - [TestRunner] Running test HomeTest on 1  classes,  included groups:[] excluded groups:[]
21:54:33.226 [main] INFO  org.testng.TestClass - ===== Test class
leaf_test.HomeTest
21:54:33.226 [main] INFO  org.testng.TestClass -   @BeforeMethod BaseClass.browserSetup(java.lang.String,java.lang.String)[pri:0, instance:leaf_test.HomeTest@7862f56]
21:54:33.227 [main] INFO  org.testng.TestClass -   @BeforeMethod HomeTest.pageSetup()[pri:0, instance:leaf_test.HomeTest@7862f56]
21:54:33.227 [main] INFO  org.testng.TestClass -     @Test HomeTest.homepageTest(java.lang.String,java.lang.String)[pri:0, instance:leaf_test.HomeTest@7862f56]
21:54:33.227 [main] INFO  org.testng.TestClass -   @AfterMethod BaseClass.tearDown()[pri:0, instance:leaf_test.HomeTest@7862f56]
21:54:33.227 [main] INFO  org.testng.TestClass - ======
21:54:33.239 [main] INFO  org.testng.internal.Utils - [Utils] DynamicGraphHelper.createDynamicGraph() took 7 ms.
21:54:33.284 [main] INFO  org.testng.internal.Utils - [Invoker 1265012928] Invoking @BeforeMethod BaseClass.browserSetup(java.lang.String,java.lang.String)[pri:0, instance:leaf_test.HomeTest@7862f56]
21:54:33.317 [main] DEBUG io.github.bonigarcia.wdm.WebDriverManager - Using WebDriverManager 6.0.0
21:54:34.251 [main] DEBUG io.github.bonigarcia.wdm.cache.ResolutionCache - Resolution chrome=151 in cache (valid until 22:11:23 26/08/2026 IST)
21:54:34.253 [main] DEBUG io.github.bonigarcia.wdm.cache.ResolutionCache - Resolution chrome151=151.0.7922.138 in cache (valid until 21:11:23 27/08/2026 IST)
21:54:34.254 [main] INFO  io.github.bonigarcia.wdm.WebDriverManager - Using chromedriver 151.0.7922.138 (resolved driver for Chrome 151)
21:54:34.294 [main] DEBUG io.github.bonigarcia.wdm.WebDriverManager - Driver chromedriver 151.0.7922.138 found in cache
21:54:34.297 [main] INFO  io.github.bonigarcia.wdm.WebDriverManager - Exporting webdriver.chrome.driver as C:\Users\ADMIN\.cache\selenium\chromedriver\win64\151.0.7922.138\chromedriver.exe
21:54:40.166 [main] INFO  leaf_base.BaseClass - Launched Browser: chrome
21:54:53.586 [main] INFO  leaf_base.BaseClass - Navigated to URL: https://leaftaps.com/opentaps/control/main
21:54:53.589 [main] INFO  org.testng.internal.Utils - [Invoker 1265012928] Invoking @BeforeMethod HomeTest.pageSetup()[pri:0, instance:leaf_test.HomeTest@7862f56]
21:54:54.114 [main] INFO  org.testng.internal.Utils - [Invoker 1265012928] Invoking leaf_test.HomeTest.homepageTest
21:55:37.157 [main] INFO  org.testng.internal.Utils - [Invoker 1265012928] Invoking @AfterMethod BaseClass.tearDown()[pri:0, instance:leaf_test.HomeTest@7862f56]
21:55:41.257 [main] INFO  leaf_base.BaseClass - Browser closed
21:55:44.392 [main] INFO  org.testng.internal.Utils - [[Utils]] Attempting to create C:\Users\ADMIN\eclipse-QA03\AutomationLeaf\target\surefire-reports\HomeSuite\HomeTest.xml
21:55:44.393 [main] INFO  org.testng.internal.Utils - [[Utils]]   Directory C:\Users\ADMIN\eclipse-QA03\AutomationLeaf\target\surefire-reports\HomeSuite exists: true
21:55:44.395 [main] INFO  org.testng.internal.Utils - Creating C:\Users\ADMIN\eclipse-QA03\AutomationLeaf\target\surefire-reports\HomeSuite\HomeTest.xml
21:55:44.423 [main] INFO  org.testng.internal.Utils - [Invoker 1265012928] Invoking @AfterSuite BaseClass.endReport()[pri:0, instance:leaf_test.HomeTest@7862f56]
21:55:45.108 [main] INFO  org.testng.internal.Utils - [TestNG] Time taken by org.testng.reporters.jq.Main@751ae8a4: 627 ms
21:55:45.138 [main] INFO  org.testng.internal.Utils - [[Utils]] Attempting to create C:\Users\ADMIN\eclipse-QA03\AutomationLeaf\target\surefire-reports\testng-failed.xml
21:55:45.138 [main] INFO  org.testng.internal.Utils - [[Utils]]   Directory C:\Users\ADMIN\eclipse-QA03\AutomationLeaf\target\surefire-reports exists: true
21:55:45.140 [main] INFO  org.testng.internal.Utils - Creating C:\Users\ADMIN\eclipse-QA03\AutomationLeaf\target\surefire-reports\testng-failed.xml
21:55:45.142 [main] INFO  org.testng.internal.Utils - [[Utils]] Attempting to create C:\Users\ADMIN\eclipse-QA03\AutomationLeaf\target\surefire-reports\HomeSuite\testng-failed.xml
21:55:45.143 [main] INFO  org.testng.internal.Utils - [[Utils]]   Directory C:\Users\ADMIN\eclipse-QA03\AutomationLeaf\target\surefire-reports\HomeSuite exists: true
21:55:45.144 [main] INFO  org.testng.internal.Utils - Creating C:\Users\ADMIN\eclipse-QA03\AutomationLeaf\target\surefire-reports\HomeSuite\testng-failed.xml
21:55:45.145 [main] INFO  org.testng.internal.Utils - [TestNG] Time taken by org.testng.reporters.FailedReporter@24eeac69: 35 ms
21:55:45.188 [main] INFO  org.testng.internal.Utils - [TestNG] Time taken by org.testng.reporters.XMLReporter@7d21852b: 43 ms
21:55:45.248 [main] INFO  org.testng.internal.Utils - [TestNG] Time taken by org.testng.reporters.EmailableReporter2@350ec690: 60 ms
21:55:45.255 [main] INFO  org.testng.internal.Utils - [[Utils]] Attempting to create C:\Users\ADMIN\eclipse-QA03\AutomationLeaf\target\surefire-reports\junitreports\TEST-leaf_test.HomeTest.xml
21:55:45.255 [main] INFO  org.testng.internal.Utils - [[Utils]]   Directory C:\Users\ADMIN\eclipse-QA03\AutomationLeaf\target\surefire-reports\junitreports exists: true
21:55:45.256 [main] INFO  org.testng.internal.Utils - Creating C:\Users\ADMIN\eclipse-QA03\AutomationLeaf\target\surefire-reports\junitreports\TEST-leaf_test.HomeTest.xml
21:55:45.257 [main] INFO  org.testng.internal.Utils - [TestNG] Time taken by org.testng.reporters.JUnitReportReporter@1e0fdb2f: 8 ms
21:55:45.257 [main] INFO  org.testng.internal.Utils - [TestNG] Time taken by org.testng.internal.ExitCodeListener@3c380bd8: 0 ms
