21:14:24.831 [main] INFO  org.testng.internal.Utils - [Utils] MethodGroupsHelper.sortMethods() took 0 ms.
21:14:24.840 [main] INFO  org.testng.internal.Utils - [Utils] MethodGroupsHelper.collectMethodsByGroup() took 0 ms.
21:14:24.841 [main] INFO  org.testng.internal.Utils - [Utils] MethodGroupsHelper.sortMethods() took 0 ms.
21:14:24.842 [main] INFO  org.testng.internal.Utils - [Utils] MethodGroupsHelper.collectMethodsByGroup() took 0 ms.
21:14:24.842 [main] INFO  org.testng.internal.Utils - [Utils] MethodGroupsHelper.sortMethods() took 0 ms.
21:14:24.846 [main] INFO  org.testng.internal.Utils - [Utils] MethodGroupsHelper.collectMethodsByGroup() took 0 ms.
21:14:24.870 [main] INFO  org.testng.internal.Utils - [Utils] MethodGroupsHelper.sortMethods() took 18 ms.
21:14:24.873 [main] INFO  org.testng.internal.Utils - [Utils] MethodGroupsHelper.collectMethodsByGroup() took 0 ms.
21:14:24.874 [main] INFO  org.testng.internal.Utils - [Utils] MethodGroupsHelper.sortMethods() took 0 ms.
21:14:24.879 [main] INFO  org.testng.internal.Utils - [Utils] MethodGroupsHelper.collectMethodsByGroup() took 1 ms.
21:14:24.880 [main] INFO  org.testng.internal.Utils - [Utils] MethodGroupsHelper.sortMethods() took 0 ms.
21:14:24.880 [main] INFO  org.testng.internal.Utils - [Utils] MethodGroupsHelper.collectMethodsByGroup() took 0 ms.
21:14:24.880 [main] INFO  org.testng.internal.Utils - [Utils] MethodGroupsHelper.sortMethods() took 0 ms.
21:14:24.881 [main] INFO  org.testng.internal.Utils - [Utils] MethodGroupsHelper.collectMethodsByGroup() took 0 ms.
21:14:24.882 [main] INFO  org.testng.internal.Utils - [Utils] MethodGroupsHelper.sortMethods() took 0 ms.
21:14:24.884 [main] INFO  org.testng.internal.Utils - [Utils] MethodGroupsHelper.collectMethodsByGroup() took 0 ms.
21:14:24.884 [main] INFO  org.testng.internal.Utils - [Utils] MethodGroupsHelper.sortMethods() took 0 ms.
21:14:24.885 [main] INFO  org.testng.internal.Utils - [Utils] MethodGroupsHelper.collectMethodsByGroup() took 0 ms.
21:14:24.885 [main] INFO  org.testng.internal.Utils - [Utils] MethodGroupsHelper.sortMethods() took 0 ms.
21:14:24.899 [main] INFO  org.testng.internal.Utils - [TestNG] Running:
  C:\Users\ADMIN\eclipse-QA03\AutomationLeaf\home.xml

21:14:24.927 [main] INFO  org.testng.internal.Utils - [Invoker 553759818] Invoking @BeforeSuite BaseClass.startReport()[pri:0, instance:leaf_test.LoginTest@4dc8caa7]
21:14:25.323 [main] INFO  org.testng.internal.Utils - [SuiteRunner] Created 1 TestRunners
21:14:25.333 [main] INFO  org.testng.internal.Utils - [TestRunner] Running test HomeTest on 1  classes,  included groups:[] excluded groups:[]
21:14:25.333 [main] INFO  org.testng.TestClass - ===== Test class
leaf_test.LoginTest
21:14:25.333 [main] INFO  org.testng.TestClass -   @BeforeMethod BaseClass.browserSetup(java.lang.String,java.lang.String)[pri:0, instance:leaf_test.LoginTest@4dc8caa7]
21:14:25.334 [main] INFO  org.testng.TestClass -   @BeforeMethod LoginTest.pageSetup()[pri:0, instance:leaf_test.LoginTest@4dc8caa7]
21:14:25.334 [main] INFO  org.testng.TestClass -     @Test LoginTest.verifyLogin(java.lang.String,java.lang.String)[pri:0, instance:leaf_test.LoginTest@4dc8caa7]
21:14:25.334 [main] INFO  org.testng.TestClass -   @AfterMethod BaseClass.tearDown()[pri:0, instance:leaf_test.LoginTest@4dc8caa7]
21:14:25.334 [main] INFO  org.testng.TestClass - ======
21:14:25.347 [main] INFO  org.testng.internal.Utils - [Utils] DynamicGraphHelper.createDynamicGraph() took 5 ms.
21:14:25.387 [main] INFO  org.testng.internal.Utils - [Invoker 553759818] Invoking @BeforeMethod BaseClass.browserSetup(java.lang.String,java.lang.String)[pri:0, instance:leaf_test.LoginTest@4dc8caa7]
21:14:25.418 [main] DEBUG io.github.bonigarcia.wdm.WebDriverManager - Using WebDriverManager 6.0.0
21:14:26.345 [main] DEBUG io.github.bonigarcia.wdm.cache.ResolutionCache - Resolution chrome=151 in cache (valid until 22:11:23 26/08/2026 IST)
21:14:26.348 [main] DEBUG io.github.bonigarcia.wdm.cache.ResolutionCache - Resolution chrome151=151.0.7922.138 in cache (valid until 21:11:23 27/08/2026 IST)
21:14:26.349 [main] INFO  io.github.bonigarcia.wdm.WebDriverManager - Using chromedriver 151.0.7922.138 (resolved driver for Chrome 151)
21:14:26.481 [main] DEBUG io.github.bonigarcia.wdm.WebDriverManager - Driver chromedriver 151.0.7922.138 found in cache
21:14:26.486 [main] INFO  io.github.bonigarcia.wdm.WebDriverManager - Exporting webdriver.chrome.driver as C:\Users\ADMIN\.cache\selenium\chromedriver\win64\151.0.7922.138\chromedriver.exe
21:14:39.287 [main] INFO  leaf_base.BaseClass - Launched Browser: chrome
21:15:00.069 [main] INFO  org.testng.internal.Utils - Failed to invoke configuration method leaf_base.BaseClass.browserSetup:timeout: Timed out receiving message from renderer: 10.467
  (Session info: chrome=151.0.7922.174)
Build info: version: '4.36.0', revision: '6d115cfd87'
System info: os.name: 'Windows 10', os.arch: 'amd64', os.version: '10.0', java.version: '17.0.18'
Driver info: org.openqa.selenium.chrome.ChromeDriver
Command: [fb0510fe4a4a4898d56cbdd848fe2f8d, get {url=https://leaftaps.com/opentaps/control/main}]
Capabilities {acceptInsecureCerts: false, browserName: chrome, browserVersion: 151.0.7922.174, chrome: {chromedriverVersion: 151.0.7922.138 (41fa8244239..., userDataDir: C:\Users\ADMIN\AppData\Loca...}, fedcm:accounts: true, goog:chromeOptions: {debuggerAddress: localhost:55045}, goog:processID: 12616, networkConnectionEnabled: false, pageLoadStrategy: normal, platformName: windows, proxy: Proxy(), se:cdp: ws://localhost:55045/devtoo..., se:cdpVersion: 151.0.7922.174, setWindowRect: true, strictFileInteractability: false, timeouts: {implicit: 0, pageLoad: 300000, script: 30000}, unhandledPromptBehavior: dismiss and notify, webauthn:extension:credBlob: true, webauthn:extension:largeBlob: true, webauthn:extension:minPinLength: true, webauthn:extension:prf: true, webauthn:virtualAuthenticators: true}
Session ID: fb0510fe4a4a4898d56cbdd848fe2f8d
21:15:00.123 [main] INFO  org.testng.internal.Utils - [Invoker 553759818] Skipping @BeforeMethod LoginTest.pageSetup()[pri:0, instance:leaf_test.LoginTest@4dc8caa7]
21:15:00.570 [main] INFO  org.testng.internal.Utils - [Invoker 553759818] Skipping @AfterMethod BaseClass.tearDown()[pri:0, instance:leaf_test.LoginTest@4dc8caa7]
21:15:09.994 [main] INFO  org.testng.internal.Utils - [[Utils]] Attempting to create C:\Users\ADMIN\eclipse-QA03\AutomationLeaf\test-output\HomeSuite\HomeTest.xml
21:15:09.995 [main] INFO  org.testng.internal.Utils - [[Utils]]   Directory C:\Users\ADMIN\eclipse-QA03\AutomationLeaf\test-output\HomeSuite exists: true
21:15:09.996 [main] INFO  org.testng.internal.Utils - Creating C:\Users\ADMIN\eclipse-QA03\AutomationLeaf\test-output\HomeSuite\HomeTest.xml
21:15:10.032 [main] INFO  org.testng.internal.Utils - [Invoker 553759818] Skipping @AfterSuite BaseClass.endReport()[pri:0, instance:leaf_test.LoginTest@4dc8caa7]
21:15:10.842 [main] INFO  org.testng.internal.Utils - [TestNG] Time taken by org.testng.reporters.jq.Main@41da3aee: 798 ms
21:15:10.865 [main] INFO  org.testng.internal.Utils - [[Utils]] Attempting to create C:\Users\ADMIN\eclipse-QA03\AutomationLeaf\test-output\testng-failed.xml
21:15:10.865 [main] INFO  org.testng.internal.Utils - [[Utils]]   Directory C:\Users\ADMIN\eclipse-QA03\AutomationLeaf\test-output exists: true
21:15:10.895 [main] INFO  org.testng.internal.Utils - Creating C:\Users\ADMIN\eclipse-QA03\AutomationLeaf\test-output\testng-failed.xml
21:15:10.898 [main] INFO  org.testng.internal.Utils - [[Utils]] Attempting to create C:\Users\ADMIN\eclipse-QA03\AutomationLeaf\test-output\HomeSuite\testng-failed.xml
21:15:10.898 [main] INFO  org.testng.internal.Utils - [[Utils]]   Directory C:\Users\ADMIN\eclipse-QA03\AutomationLeaf\test-output\HomeSuite exists: true
21:15:10.900 [main] INFO  org.testng.internal.Utils - Creating C:\Users\ADMIN\eclipse-QA03\AutomationLeaf\test-output\HomeSuite\testng-failed.xml
21:15:10.900 [main] INFO  org.testng.internal.Utils - [TestNG] Time taken by org.testng.reporters.FailedReporter@15f35bc3: 57 ms
21:15:10.939 [main] INFO  org.testng.internal.Utils - [TestNG] Time taken by org.testng.reporters.XMLReporter@18a25bbd: 39 ms
21:15:10.955 [main] INFO  org.testng.internal.Utils - [TestNG] Time taken by org.testng.reporters.EmailableReporter2@5b7aa898: 15 ms
21:15:10.970 [main] INFO  org.testng.internal.Utils - [[Utils]] Attempting to create C:\Users\ADMIN\eclipse-QA03\AutomationLeaf\test-output\junitreports\TEST-leaf_test.LoginTest.xml
21:15:10.971 [main] INFO  org.testng.internal.Utils - [[Utils]]   Directory C:\Users\ADMIN\eclipse-QA03\AutomationLeaf\test-output\junitreports exists: true
21:15:10.972 [main] INFO  org.testng.internal.Utils - Creating C:\Users\ADMIN\eclipse-QA03\AutomationLeaf\test-output\junitreports\TEST-leaf_test.LoginTest.xml
21:15:10.973 [main] INFO  org.testng.internal.Utils - [TestNG] Time taken by org.testng.reporters.JUnitReportReporter@4e642ee1: 17 ms
21:15:10.974 [main] INFO  org.testng.internal.Utils - [TestNG] Time taken by org.testng.internal.ExitCodeListener@29ebbdf4: 1 ms
21:17:57.644 [main] DEBUG org.testng.TestNG - suiteXmlPath: "C:\Users\ADMIN\eclipse-QA03\AutomationLeaf\home.xml"
21:17:58.116 [main] INFO  org.testng.internal.Utils - [TestRunner] Running the tests in 'HomeTest' with parallel mode:tests
21:17:58.121 [main] INFO  org.testng.internal.Utils - [RunInfo] Adding method selector: org.testng.internal.XmlMethodSelector@22356acd priority: 10
21:17:58.221 [main] INFO  org.testng.internal.Utils - [TestClass] Creating TestClass for [ClassImpl class=leaf_test.LoginTest]
21:17:58.286 [main] INFO  org.testng.internal.Utils - [Utils] MethodGroupsHelper.collectMethodsByGroup() took 8 ms.
21:17:58.308 [main] INFO  org.testng.internal.Utils - [Utils] MethodGroupsHelper.sortMethods() took 17 ms.
21:17:58.312 [main] INFO  org.testng.internal.Utils - [Utils] MethodGroupsHelper.collectMethodsByGroup() took 0 ms.
21:17:58.313 [main] INFO  org.testng.internal.Utils - [Utils] MethodGroupsHelper.sortMethods() took 1 ms.
21:17:58.315 [main] INFO  org.testng.internal.Utils - [Utils] MethodGroupsHelper.collectMethodsByGroup() took 0 ms.
21:17:58.315 [main] INFO  org.testng.internal.Utils - [Utils] MethodGroupsHelper.sortMethods() took 0 ms.
21:17:58.317 [main] INFO  org.testng.internal.Utils - [Utils] MethodGroupsHelper.collectMethodsByGroup() took 0 ms.
21:17:58.317 [main] INFO  org.testng.internal.Utils - [Utils] MethodGroupsHelper.sortMethods() took 0 ms.
21:17:58.319 [main] INFO  org.testng.internal.Utils - [Utils] MethodGroupsHelper.collectMethodsByGroup() took 0 ms.
21:17:58.319 [main] INFO  org.testng.internal.Utils - [Utils] MethodGroupsHelper.sortMethods() took 0 ms.
21:17:58.320 [main] INFO  org.testng.internal.Utils - [Utils] MethodGroupsHelper.collectMethodsByGroup() took 0 ms.
21:17:58.320 [main] INFO  org.testng.internal.Utils - [Utils] MethodGroupsHelper.sortMethods() took 0 ms.
21:17:58.321 [main] INFO  org.testng.internal.Utils - [Utils] MethodGroupsHelper.collectMethodsByGroup() took 0 ms.
21:17:58.322 [main] INFO  org.testng.internal.Utils - [Utils] MethodGroupsHelper.sortMethods() took 0 ms.
21:17:58.323 [main] INFO  org.testng.internal.Utils - [Utils] MethodGroupsHelper.collectMethodsByGroup() took 0 ms.
21:17:58.323 [main] INFO  org.testng.internal.Utils - [Utils] MethodGroupsHelper.sortMethods() took 0 ms.
21:17:58.327 [main] INFO  org.testng.internal.Utils - [Utils] MethodGroupsHelper.collectMethodsByGroup() took 0 ms.
21:17:58.345 [main] INFO  org.testng.internal.Utils - [Utils] MethodGroupsHelper.sortMethods() took 17 ms.
21:17:58.348 [main] INFO  org.testng.internal.Utils - [Utils] MethodGroupsHelper.collectMethodsByGroup() took 0 ms.
21:17:58.349 [main] INFO  org.testng.internal.Utils - [Utils] MethodGroupsHelper.sortMethods() took 0 ms.
21:17:58.354 [main] INFO  org.testng.internal.Utils - [Utils] MethodGroupsHelper.collectMethodsByGroup() took 1 ms.
21:17:58.354 [main] INFO  org.testng.internal.Utils - [Utils] MethodGroupsHelper.sortMethods() took 0 ms.
21:17:58.355 [main] INFO  org.testng.internal.Utils - [Utils] MethodGroupsHelper.collectMethodsByGroup() took 0 ms.
21:17:58.355 [main] INFO  org.testng.internal.Utils - [Utils] MethodGroupsHelper.sortMethods() took 0 ms.
21:17:58.356 [main] INFO  org.testng.internal.Utils - [Utils] MethodGroupsHelper.collectMethodsByGroup() took 0 ms.
21:17:58.357 [main] INFO  org.testng.internal.Utils - [Utils] MethodGroupsHelper.sortMethods() took 1 ms.
21:17:58.359 [main] INFO  org.testng.internal.Utils - [Utils] MethodGroupsHelper.collectMethodsByGroup() took 0 ms.
21:17:58.359 [main] INFO  org.testng.internal.Utils - [Utils] MethodGroupsHelper.sortMethods() took 0 ms.
21:17:58.360 [main] INFO  org.testng.internal.Utils - [Utils] MethodGroupsHelper.collectMethodsByGroup() took 0 ms.
21:17:58.361 [main] INFO  org.testng.internal.Utils - [Utils] MethodGroupsHelper.sortMethods() took 0 ms.
21:17:58.375 [main] INFO  org.testng.internal.Utils - [TestNG] Running:
  C:\Users\ADMIN\eclipse-QA03\AutomationLeaf\home.xml

21:17:58.403 [main] INFO  org.testng.internal.Utils - [Invoker 204322447] Invoking @BeforeSuite BaseClass.startReport()[pri:0, instance:leaf_test.LoginTest@4dc8caa7]
21:17:58.824 [main] INFO  org.testng.internal.Utils - [SuiteRunner] Created 1 TestRunners
21:17:58.832 [main] INFO  org.testng.internal.Utils - [TestRunner] Running test HomeTest on 1  classes,  included groups:[] excluded groups:[]
21:17:58.832 [main] INFO  org.testng.TestClass - ===== Test class
leaf_test.LoginTest
21:17:58.832 [main] INFO  org.testng.TestClass -   @BeforeMethod BaseClass.browserSetup(java.lang.String,java.lang.String)[pri:0, instance:leaf_test.LoginTest@4dc8caa7]
21:17:58.833 [main] INFO  org.testng.TestClass -   @BeforeMethod LoginTest.pageSetup()[pri:0, instance:leaf_test.LoginTest@4dc8caa7]
21:17:58.833 [main] INFO  org.testng.TestClass -     @Test LoginTest.verifyLogin(java.lang.String,java.lang.String)[pri:0, instance:leaf_test.LoginTest@4dc8caa7]
21:17:58.834 [main] INFO  org.testng.TestClass -   @AfterMethod BaseClass.tearDown()[pri:0, instance:leaf_test.LoginTest@4dc8caa7]
21:17:58.834 [main] INFO  org.testng.TestClass - ======
21:17:58.852 [main] INFO  org.testng.internal.Utils - [Utils] DynamicGraphHelper.createDynamicGraph() took 7 ms.
21:17:58.897 [main] INFO  org.testng.internal.Utils - [Invoker 204322447] Invoking @BeforeMethod BaseClass.browserSetup(java.lang.String,java.lang.String)[pri:0, instance:leaf_test.LoginTest@4dc8caa7]
21:17:58.926 [main] DEBUG io.github.bonigarcia.wdm.WebDriverManager - Using WebDriverManager 6.0.0
21:17:59.869 [main] DEBUG io.github.bonigarcia.wdm.cache.ResolutionCache - Resolution chrome=151 in cache (valid until 22:11:23 26/08/2026 IST)
21:17:59.873 [main] DEBUG io.github.bonigarcia.wdm.cache.ResolutionCache - Resolution chrome151=151.0.7922.138 in cache (valid until 21:11:23 27/08/2026 IST)
21:17:59.874 [main] INFO  io.github.bonigarcia.wdm.WebDriverManager - Using chromedriver 151.0.7922.138 (resolved driver for Chrome 151)
21:18:00.006 [main] DEBUG io.github.bonigarcia.wdm.WebDriverManager - Driver chromedriver 151.0.7922.138 found in cache
21:18:00.009 [main] INFO  io.github.bonigarcia.wdm.WebDriverManager - Exporting webdriver.chrome.driver as C:\Users\ADMIN\.cache\selenium\chromedriver\win64\151.0.7922.138\chromedriver.exe
21:18:29.900 [main] INFO  leaf_base.BaseClass - Launched Browser: chrome
21:18:43.351 [main] INFO  leaf_base.BaseClass - Navigated to URL: https://leaftaps.com/opentaps/control/main
21:18:43.354 [main] INFO  org.testng.internal.Utils - [Invoker 204322447] Invoking @BeforeMethod LoginTest.pageSetup()[pri:0, instance:leaf_test.LoginTest@4dc8caa7]
21:18:45.229 [main] INFO  org.testng.internal.Utils - [Invoker 204322447] Invoking leaf_test.LoginTest.verifyLogin
21:18:57.011 [main] INFO  org.testng.internal.Utils - [Invoker 204322447] Invoking @AfterMethod BaseClass.tearDown()[pri:0, instance:leaf_test.LoginTest@4dc8caa7]
21:19:04.746 [main] INFO  leaf_base.BaseClass - Browser closed
21:19:07.454 [main] INFO  org.testng.internal.Utils - [[Utils]] Attempting to create C:\Users\ADMIN\eclipse-QA03\AutomationLeaf\test-output\HomeSuite\HomeTest.xml
21:19:07.454 [main] INFO  org.testng.internal.Utils - [[Utils]]   Directory C:\Users\ADMIN\eclipse-QA03\AutomationLeaf\test-output\HomeSuite exists: true
21:19:07.456 [main] INFO  org.testng.internal.Utils - Creating C:\Users\ADMIN\eclipse-QA03\AutomationLeaf\test-output\HomeSuite\HomeTest.xml
21:19:07.466 [main] INFO  org.testng.internal.Utils - [Invoker 204322447] Invoking @AfterSuite BaseClass.endReport()[pri:0, instance:leaf_test.LoginTest@4dc8caa7]
21:19:07.767 [main] INFO  org.testng.internal.Utils - [TestNG] Time taken by org.testng.reporters.jq.Main@949c598: 269 ms
21:19:07.770 [main] INFO  org.testng.internal.Utils - [TestNG] Time taken by org.testng.reporters.FailedReporter@76e9f00b: 3 ms
21:19:07.785 [main] INFO  org.testng.internal.Utils - [TestNG] Time taken by org.testng.reporters.XMLReporter@74d6736: 15 ms
21:19:07.795 [main] INFO  org.testng.internal.Utils - [TestNG] Time taken by org.testng.reporters.EmailableReporter2@4f2d995e: 9 ms
21:19:07.800 [main] INFO  org.testng.internal.Utils - [[Utils]] Attempting to create C:\Users\ADMIN\eclipse-QA03\AutomationLeaf\test-output\junitreports\TEST-leaf_test.LoginTest.xml
21:19:07.801 [main] INFO  org.testng.internal.Utils - [[Utils]]   Directory C:\Users\ADMIN\eclipse-QA03\AutomationLeaf\test-output\junitreports exists: true
21:19:07.802 [main] INFO  org.testng.internal.Utils - Creating C:\Users\ADMIN\eclipse-QA03\AutomationLeaf\test-output\junitreports\TEST-leaf_test.LoginTest.xml
21:19:07.803 [main] INFO  org.testng.internal.Utils - [TestNG] Time taken by org.testng.reporters.JUnitReportReporter@1756f7cc: 8 ms
21:19:07.803 [main] INFO  org.testng.internal.Utils - [TestNG] Time taken by org.testng.internal.ExitCodeListener@3138953b: 0 ms
21:22:49.114 [main] DEBUG org.testng.TestNG - suiteXmlPath: "C:\Users\ADMIN\eclipse-QA03\AutomationLeaf\home.xml"
21:22:49.773 [main] INFO  org.testng.internal.Utils - [TestRunner] Running the tests in 'HomeTest' with parallel mode:tests
21:22:49.777 [main] INFO  org.testng.internal.Utils - [RunInfo] Adding method selector: org.testng.internal.XmlMethodSelector@22356acd priority: 10
21:22:49.912 [main] INFO  org.testng.internal.Utils - [TestClass] Creating TestClass for [ClassImpl class=leaf_test.LoginTest]
21:22:50.010 [main] INFO  org.testng.internal.Utils - [Utils] MethodGroupsHelper.collectMethodsByGroup() took 13 ms.
21:22:50.041 [main] INFO  org.testng.internal.Utils - [Utils] MethodGroupsHelper.sortMethods() took 27 ms.
21:22:50.045 [main] INFO  org.testng.internal.Utils - [Utils] MethodGroupsHelper.collectMethodsByGroup() took 0 ms.
21:22:50.046 [main] INFO  org.testng.internal.Utils - [Utils] MethodGroupsHelper.sortMethods() took 0 ms.
21:22:50.049 [main] INFO  org.testng.internal.Utils - [Utils] MethodGroupsHelper.collectMethodsByGroup() took 0 ms.
21:22:50.049 [main] INFO  org.testng.internal.Utils - [Utils] MethodGroupsHelper.sortMethods() took 0 ms.
21:22:50.051 [main] INFO  org.testng.internal.Utils - [Utils] MethodGroupsHelper.collectMethodsByGroup() took 0 ms.
21:22:50.052 [main] INFO  org.testng.internal.Utils - [Utils] MethodGroupsHelper.sortMethods() took 1 ms.
21:22:50.054 [main] INFO  org.testng.internal.Utils - [Utils] MethodGroupsHelper.collectMethodsByGroup() took 0 ms.
21:22:50.054 [main] INFO  org.testng.internal.Utils - [Utils] MethodGroupsHelper.sortMethods() took 0 ms.
21:22:50.056 [main] INFO  org.testng.internal.Utils - [Utils] MethodGroupsHelper.collectMethodsByGroup() took 0 ms.
21:22:50.056 [main] INFO  org.testng.internal.Utils - [Utils] MethodGroupsHelper.sortMethods() took 0 ms.
21:22:50.058 [main] INFO  org.testng.internal.Utils - [Utils] MethodGroupsHelper.collectMethodsByGroup() took 0 ms.
21:22:50.058 [main] INFO  org.testng.internal.Utils - [Utils] MethodGroupsHelper.sortMethods() took 0 ms.
21:22:50.060 [main] INFO  org.testng.internal.Utils - [Utils] MethodGroupsHelper.collectMethodsByGroup() took 0 ms.
21:22:50.060 [main] INFO  org.testng.internal.Utils - [Utils] MethodGroupsHelper.sortMethods() took 0 ms.
21:22:50.066 [main] INFO  org.testng.internal.Utils - [Utils] MethodGroupsHelper.collectMethodsByGroup() took 0 ms.
21:22:50.094 [main] INFO  org.testng.internal.Utils - [Utils] MethodGroupsHelper.sortMethods() took 26 ms.
21:22:50.098 [main] INFO  org.testng.internal.Utils - [Utils] MethodGroupsHelper.collectMethodsByGroup() took 0 ms.
21:22:50.099 [main] INFO  org.testng.internal.Utils - [Utils] MethodGroupsHelper.sortMethods() took 0 ms.
21:22:50.106 [main] INFO  org.testng.internal.Utils - [Utils] MethodGroupsHelper.collectMethodsByGroup() took 0 ms.
21:22:50.107 [main] INFO  org.testng.internal.Utils - [Utils] MethodGroupsHelper.sortMethods() took 0 ms.
21:22:50.107 [main] INFO  org.testng.internal.Utils - [Utils] MethodGroupsHelper.collectMethodsByGroup() took 0 ms.
21:22:50.108 [main] INFO  org.testng.internal.Utils - [Utils] MethodGroupsHelper.sortMethods() took 0 ms.
21:22:50.109 [main] INFO  org.testng.internal.Utils - [Utils] MethodGroupsHelper.collectMethodsByGroup() took 0 ms.
21:22:50.110 [main] INFO  org.testng.internal.Utils - [Utils] MethodGroupsHelper.sortMethods() took 0 ms.
21:22:50.114 [main] INFO  org.testng.internal.Utils - [Utils] MethodGroupsHelper.collectMethodsByGroup() took 0 ms.
21:22:50.115 [main] INFO  org.testng.internal.Utils - [Utils] MethodGroupsHelper.sortMethods() took 0 ms.
21:22:50.116 [main] INFO  org.testng.internal.Utils - [Utils] MethodGroupsHelper.collectMethodsByGroup() took 0 ms.
21:22:50.118 [main] INFO  org.testng.internal.Utils - [Utils] MethodGroupsHelper.sortMethods() took 1 ms.
21:22:50.139 [main] INFO  org.testng.internal.Utils - [TestNG] Running:
  C:\Users\ADMIN\eclipse-QA03\AutomationLeaf\home.xml

21:22:50.171 [main] INFO  org.testng.internal.Utils - [Invoker 204805934] Invoking @BeforeSuite BaseClass.startReport()[pri:0, instance:leaf_test.LoginTest@4dc8caa7]
21:22:50.686 [main] INFO  org.testng.internal.Utils - [SuiteRunner] Created 1 TestRunners
21:22:50.695 [main] INFO  org.testng.internal.Utils - [TestRunner] Running test HomeTest on 1  classes,  included groups:[] excluded groups:[]
21:22:50.696 [main] INFO  org.testng.TestClass - ===== Test class
leaf_test.LoginTest
21:22:50.696 [main] INFO  org.testng.TestClass -   @BeforeMethod BaseClass.browserSetup(java.lang.String,java.lang.String)[pri:0, instance:leaf_test.LoginTest@4dc8caa7]
21:22:50.696 [main] INFO  org.testng.TestClass -   @BeforeMethod LoginTest.pageSetup()[pri:0, instance:leaf_test.LoginTest@4dc8caa7]
21:22:50.697 [main] INFO  org.testng.TestClass -     @Test LoginTest.verifyLogin(java.lang.String,java.lang.String)[pri:0, instance:leaf_test.LoginTest@4dc8caa7]
21:22:50.697 [main] INFO  org.testng.TestClass -   @AfterMethod BaseClass.tearDown()[pri:0, instance:leaf_test.LoginTest@4dc8caa7]
21:22:50.697 [main] INFO  org.testng.TestClass - ======
21:22:50.714 [main] INFO  org.testng.internal.Utils - [Utils] DynamicGraphHelper.createDynamicGraph() took 8 ms.
21:22:50.767 [main] INFO  org.testng.internal.Utils - [Invoker 204805934] Invoking @BeforeMethod BaseClass.browserSetup(java.lang.String,java.lang.String)[pri:0, instance:leaf_test.LoginTest@4dc8caa7]
21:22:50.830 [main] DEBUG io.github.bonigarcia.wdm.WebDriverManager - Using WebDriverManager 6.0.0
21:22:52.327 [main] DEBUG io.github.bonigarcia.wdm.cache.ResolutionCache - Resolution chrome=151 in cache (valid until 22:11:23 26/08/2026 IST)
21:22:52.333 [main] DEBUG io.github.bonigarcia.wdm.cache.ResolutionCache - Resolution chrome151=151.0.7922.138 in cache (valid until 21:11:23 27/08/2026 IST)
21:22:52.335 [main] INFO  io.github.bonigarcia.wdm.WebDriverManager - Using chromedriver 151.0.7922.138 (resolved driver for Chrome 151)
21:22:52.422 [main] DEBUG io.github.bonigarcia.wdm.WebDriverManager - Driver chromedriver 151.0.7922.138 found in cache
21:22:52.425 [main] INFO  io.github.bonigarcia.wdm.WebDriverManager - Exporting webdriver.chrome.driver as C:\Users\ADMIN\.cache\selenium\chromedriver\win64\151.0.7922.138\chromedriver.exe
21:23:54.238 [main] INFO  leaf_base.BaseClass - Launched Browser: chrome
21:23:57.560 [main] INFO  leaf_base.BaseClass - Navigated to URL: https://leaftaps.com/opentaps/control/main
21:23:57.563 [main] INFO  org.testng.internal.Utils - [Invoker 204805934] Invoking @BeforeMethod LoginTest.pageSetup()[pri:0, instance:leaf_test.LoginTest@4dc8caa7]
21:23:58.406 [main] INFO  org.testng.internal.Utils - [Invoker 204805934] Invoking leaf_test.LoginTest.verifyLogin
21:24:00.282 [main] INFO  org.testng.internal.Utils - [Invoker 204805934] Invoking @AfterMethod BaseClass.tearDown()[pri:0, instance:leaf_test.LoginTest@4dc8caa7]
21:24:02.910 [main] INFO  leaf_base.BaseClass - Browser closed
21:24:04.529 [main] INFO  org.testng.internal.Utils - [[Utils]] Attempting to create C:\Users\ADMIN\eclipse-QA03\AutomationLeaf\test-output\HomeSuite\HomeTest.xml
21:24:04.531 [main] INFO  org.testng.internal.Utils - [[Utils]]   Directory C:\Users\ADMIN\eclipse-QA03\AutomationLeaf\test-output\HomeSuite exists: true
21:24:04.535 [main] INFO  org.testng.internal.Utils - Creating C:\Users\ADMIN\eclipse-QA03\AutomationLeaf\test-output\HomeSuite\HomeTest.xml
21:24:04.547 [main] INFO  org.testng.internal.Utils - [Invoker 204805934] Invoking @AfterSuite BaseClass.endReport()[pri:0, instance:leaf_test.LoginTest@4dc8caa7]
21:24:04.748 [main] INFO  org.testng.internal.Utils - [TestNG] Time taken by org.testng.reporters.jq.Main@6f1b8544: 151 ms
21:24:04.752 [main] INFO  org.testng.internal.Utils - [TestNG] Time taken by org.testng.reporters.FailedReporter@5de5e95: 3 ms
21:24:04.787 [main] INFO  org.testng.internal.Utils - [TestNG] Time taken by org.testng.reporters.XMLReporter@3eb3232b: 34 ms
21:24:04.799 [main] INFO  org.testng.internal.Utils - [TestNG] Time taken by org.testng.reporters.EmailableReporter2@10947c4e: 12 ms
21:24:04.808 [main] INFO  org.testng.internal.Utils - [[Utils]] Attempting to create C:\Users\ADMIN\eclipse-QA03\AutomationLeaf\test-output\junitreports\TEST-leaf_test.LoginTest.xml
21:24:04.809 [main] INFO  org.testng.internal.Utils - [[Utils]]   Directory C:\Users\ADMIN\eclipse-QA03\AutomationLeaf\test-output\junitreports exists: true
21:24:04.810 [main] INFO  org.testng.internal.Utils - Creating C:\Users\ADMIN\eclipse-QA03\AutomationLeaf\test-output\junitreports\TEST-leaf_test.LoginTest.xml
21:24:04.811 [main] INFO  org.testng.internal.Utils - [TestNG] Time taken by org.testng.reporters.JUnitReportReporter@5eea5627: 12 ms
21:24:04.811 [main] INFO  org.testng.internal.Utils - [TestNG] Time taken by org.testng.internal.ExitCodeListener@3330f3ad: 0 ms
21:25:36.165 [main] DEBUG org.testng.TestNG - suiteXmlPath: "C:\Users\ADMIN\eclipse-QA03\AutomationLeaf\home.xml"
21:26:15.379 [main] DEBUG org.testng.TestNG - suiteXmlPath: "C:\Users\ADMIN\eclipse-QA03\AutomationLeaf\home.xml"
21:26:15.886 [main] INFO  org.testng.internal.Utils - [TestRunner] Running the tests in 'HomeTest' with parallel mode:tests
21:26:15.892 [main] INFO  org.testng.internal.Utils - [RunInfo] Adding method selector: org.testng.internal.XmlMethodSelector@22356acd priority: 10
21:26:15.999 [main] INFO  org.testng.internal.Utils - [TestClass] Creating TestClass for [ClassImpl class=leaf_test.HomeTest]
21:26:16.063 [main] INFO  org.testng.internal.Utils - [Utils] MethodGroupsHelper.collectMethodsByGroup() took 8 ms.
21:26:16.083 [main] INFO  org.testng.internal.Utils - [Utils] MethodGroupsHelper.sortMethods() took 17 ms.
21:26:16.087 [main] INFO  org.testng.internal.Utils - [Utils] MethodGroupsHelper.collectMethodsByGroup() took 0 ms.
21:26:16.088 [main] INFO  org.testng.internal.Utils - [Utils] MethodGroupsHelper.sortMethods() took 0 ms.
21:26:16.090 [main] INFO  org.testng.internal.Utils - [Utils] MethodGroupsHelper.collectMethodsByGroup() took 0 ms.
21:26:16.090 [main] INFO  org.testng.internal.Utils - [Utils] MethodGroupsHelper.sortMethods() took 0 ms.
21:26:16.092 [main] INFO  org.testng.internal.Utils - [Utils] MethodGroupsHelper.collectMethodsByGroup() took 0 ms.
21:26:16.092 [main] INFO  org.testng.internal.Utils - [Utils] MethodGroupsHelper.sortMethods() took 0 ms.
21:26:16.094 [main] INFO  org.testng.internal.Utils - [Utils] MethodGroupsHelper.collectMethodsByGroup() took 0 ms.
21:26:16.094 [main] INFO  org.testng.internal.Utils - [Utils] MethodGroupsHelper.sortMethods() took 0 ms.
21:26:16.095 [main] INFO  org.testng.internal.Utils - [Utils] MethodGroupsHelper.collectMethodsByGroup() took 0 ms.
21:26:16.095 [main] INFO  org.testng.internal.Utils - [Utils] MethodGroupsHelper.sortMethods() took 0 ms.
21:26:16.096 [main] INFO  org.testng.internal.Utils - [Utils] MethodGroupsHelper.collectMethodsByGroup() took 0 ms.
21:26:16.097 [main] INFO  org.testng.internal.Utils - [Utils] MethodGroupsHelper.sortMethods() took 0 ms.
21:26:16.098 [main] INFO  org.testng.internal.Utils - [Utils] MethodGroupsHelper.collectMethodsByGroup() took 0 ms.
21:26:16.098 [main] INFO  org.testng.internal.Utils - [Utils] MethodGroupsHelper.sortMethods() took 0 ms.
21:26:16.103 [main] INFO  org.testng.internal.Utils - [Utils] MethodGroupsHelper.collectMethodsByGroup() took 0 ms.
21:26:16.119 [main] INFO  org.testng.internal.Utils - [Utils] MethodGroupsHelper.sortMethods() took 15 ms.
21:26:16.122 [main] INFO  org.testng.internal.Utils - [Utils] MethodGroupsHelper.collectMethodsByGroup() took 0 ms.
21:26:16.123 [main] INFO  org.testng.internal.Utils - [Utils] MethodGroupsHelper.sortMethods() took 0 ms.
21:26:16.128 [main] INFO  org.testng.internal.Utils - [Utils] MethodGroupsHelper.collectMethodsByGroup() took 0 ms.
21:26:16.128 [main] INFO  org.testng.internal.Utils - [Utils] MethodGroupsHelper.sortMethods() took 0 ms.
21:26:16.129 [main] INFO  org.testng.internal.Utils - [Utils] MethodGroupsHelper.collectMethodsByGroup() took 0 ms.
21:26:16.129 [main] INFO  org.testng.internal.Utils - [Utils] MethodGroupsHelper.sortMethods() took 0 ms.
21:26:16.130 [main] INFO  org.testng.internal.Utils - [Utils] MethodGroupsHelper.collectMethodsByGroup() took 0 ms.
21:26:16.131 [main] INFO  org.testng.internal.Utils - [Utils] MethodGroupsHelper.sortMethods() took 0 ms.
21:26:16.133 [main] INFO  org.testng.internal.Utils - [Utils] MethodGroupsHelper.collectMethodsByGroup() took 0 ms.
21:26:16.133 [main] INFO  org.testng.internal.Utils - [Utils] MethodGroupsHelper.sortMethods() took 0 ms.
21:26:16.133 [main] INFO  org.testng.internal.Utils - [Utils] MethodGroupsHelper.collectMethodsByGroup() took 0 ms.
21:26:16.134 [main] INFO  org.testng.internal.Utils - [Utils] MethodGroupsHelper.sortMethods() took 0 ms.
21:26:16.147 [main] INFO  org.testng.internal.Utils - [TestNG] Running:
  C:\Users\ADMIN\eclipse-QA03\AutomationLeaf\home.xml

21:26:16.175 [main] INFO  org.testng.internal.Utils - [Invoker 204322447] Invoking @BeforeSuite BaseClass.startReport()[pri:0, instance:leaf_test.HomeTest@4dc8caa7]
21:26:16.572 [main] INFO  org.testng.internal.Utils - [SuiteRunner] Created 1 TestRunners
21:26:16.581 [main] INFO  org.testng.internal.Utils - [TestRunner] Running test HomeTest on 1  classes,  included groups:[] excluded groups:[]
21:26:16.582 [main] INFO  org.testng.TestClass - ===== Test class
leaf_test.HomeTest
21:26:16.582 [main] INFO  org.testng.TestClass -   @BeforeMethod BaseClass.browserSetup(java.lang.String,java.lang.String)[pri:0, instance:leaf_test.HomeTest@4dc8caa7]
21:26:16.582 [main] INFO  org.testng.TestClass -   @BeforeMethod HomeTest.pageSetup()[pri:0, instance:leaf_test.HomeTest@4dc8caa7]
21:26:16.582 [main] INFO  org.testng.TestClass -     @Test HomeTest.homepageTest(java.lang.String,java.lang.String)[pri:0, instance:leaf_test.HomeTest@4dc8caa7]
21:26:16.583 [main] INFO  org.testng.TestClass -   @AfterMethod BaseClass.tearDown()[pri:0, instance:leaf_test.HomeTest@4dc8caa7]
21:26:16.583 [main] INFO  org.testng.TestClass - ======
21:26:16.600 [main] INFO  org.testng.internal.Utils - [Utils] DynamicGraphHelper.createDynamicGraph() took 7 ms.
21:26:16.655 [main] INFO  org.testng.internal.Utils - [Invoker 204322447] Invoking @BeforeMethod BaseClass.browserSetup(java.lang.String,java.lang.String)[pri:0, instance:leaf_test.HomeTest@4dc8caa7]
21:26:16.695 [main] DEBUG io.github.bonigarcia.wdm.WebDriverManager - Using WebDriverManager 6.0.0
21:26:17.637 [main] DEBUG io.github.bonigarcia.wdm.cache.ResolutionCache - Resolution chrome=151 in cache (valid until 22:11:23 26/08/2026 IST)
21:26:17.639 [main] DEBUG io.github.bonigarcia.wdm.cache.ResolutionCache - Resolution chrome151=151.0.7922.138 in cache (valid until 21:11:23 27/08/2026 IST)
21:26:17.641 [main] INFO  io.github.bonigarcia.wdm.WebDriverManager - Using chromedriver 151.0.7922.138 (resolved driver for Chrome 151)
21:26:17.682 [main] DEBUG io.github.bonigarcia.wdm.WebDriverManager - Driver chromedriver 151.0.7922.138 found in cache
21:26:17.685 [main] INFO  io.github.bonigarcia.wdm.WebDriverManager - Exporting webdriver.chrome.driver as C:\Users\ADMIN\.cache\selenium\chromedriver\win64\151.0.7922.138\chromedriver.exe
21:26:24.706 [main] INFO  leaf_base.BaseClass - Launched Browser: chrome
21:26:35.472 [main] INFO  leaf_base.BaseClass - Navigated to URL: https://leaftaps.com/opentaps/control/main
21:26:35.476 [main] INFO  org.testng.internal.Utils - [Invoker 204322447] Invoking @BeforeMethod HomeTest.pageSetup()[pri:0, instance:leaf_test.HomeTest@4dc8caa7]
21:26:35.747 [main] INFO  org.testng.internal.Utils - [Invoker 204322447] Invoking leaf_test.HomeTest.homepageTest
21:26:48.386 [main] INFO  org.testng.internal.Utils - [Invoker 204322447] Invoking @AfterMethod BaseClass.tearDown()[pri:0, instance:leaf_test.HomeTest@4dc8caa7]
21:26:49.306 [main] INFO  leaf_base.BaseClass - Browser closed
21:26:49.980 [main] INFO  org.testng.internal.Utils - [[Utils]] Attempting to create C:\Users\ADMIN\eclipse-QA03\AutomationLeaf\test-output\HomeSuite\HomeTest.xml
21:26:49.981 [main] INFO  org.testng.internal.Utils - [[Utils]]   Directory C:\Users\ADMIN\eclipse-QA03\AutomationLeaf\test-output\HomeSuite exists: true
21:26:49.983 [main] INFO  org.testng.internal.Utils - Creating C:\Users\ADMIN\eclipse-QA03\AutomationLeaf\test-output\HomeSuite\HomeTest.xml
21:26:50.006 [main] INFO  org.testng.internal.Utils - [Invoker 204322447] Invoking @AfterSuite BaseClass.endReport()[pri:0, instance:leaf_test.HomeTest@4dc8caa7]
21:26:50.340 [main] INFO  org.testng.internal.Utils - [TestNG] Time taken by org.testng.reporters.jq.Main@784223e9: 233 ms
21:26:50.344 [main] INFO  org.testng.internal.Utils - [TestNG] Time taken by org.testng.reporters.FailedReporter@73a8e994: 3 ms
21:26:50.372 [main] INFO  org.testng.internal.Utils - [TestNG] Time taken by org.testng.reporters.XMLReporter@b3e86d5: 27 ms
21:26:50.402 [main] INFO  org.testng.internal.Utils - [TestNG] Time taken by org.testng.reporters.EmailableReporter2@77fa9381: 29 ms
21:26:50.412 [main] INFO  org.testng.internal.Utils - [[Utils]] Attempting to create C:\Users\ADMIN\eclipse-QA03\AutomationLeaf\test-output\junitreports\TEST-leaf_test.HomeTest.xml
21:26:50.412 [main] INFO  org.testng.internal.Utils - [[Utils]]   Directory C:\Users\ADMIN\eclipse-QA03\AutomationLeaf\test-output\junitreports exists: true
21:26:50.416 [main] INFO  org.testng.internal.Utils - Creating C:\Users\ADMIN\eclipse-QA03\AutomationLeaf\test-output\junitreports\TEST-leaf_test.HomeTest.xml
21:26:50.417 [main] INFO  org.testng.internal.Utils - [TestNG] Time taken by org.testng.reporters.JUnitReportReporter@2e32fc22: 14 ms
21:26:50.417 [main] INFO  org.testng.internal.Utils - [TestNG] Time taken by org.testng.internal.ExitCodeListener@3f5156a6: 0 ms
21:31:20.780 [main] DEBUG org.testng.TestNG - suiteXmlPath: "C:\Users\ADMIN\eclipse-QA03\AutomationLeaf\home.xml"
21:31:21.224 [main] INFO  org.testng.internal.Utils - [TestRunner] Running the tests in 'HomeTest' with parallel mode:tests
21:31:21.229 [main] INFO  org.testng.internal.Utils - [RunInfo] Adding method selector: org.testng.internal.XmlMethodSelector@22356acd priority: 10
21:31:21.367 [main] INFO  org.testng.internal.Utils - [TestClass] Creating TestClass for [ClassImpl class=leaf_test.HomeTest]
21:31:21.454 [main] INFO  org.testng.internal.Utils - [Utils] MethodGroupsHelper.collectMethodsByGroup() took 9 ms.
21:31:21.489 [main] INFO  org.testng.internal.Utils - [Utils] MethodGroupsHelper.sortMethods() took 31 ms.
21:31:21.493 [main] INFO  org.testng.internal.Utils - [Utils] MethodGroupsHelper.collectMethodsByGroup() took 1 ms.
21:31:21.494 [main] INFO  org.testng.internal.Utils - [Utils] MethodGroupsHelper.sortMethods() took 0 ms.
21:31:21.497 [main] INFO  org.testng.internal.Utils - [Utils] MethodGroupsHelper.collectMethodsByGroup() took 0 ms.
21:31:21.497 [main] INFO  org.testng.internal.Utils - [Utils] MethodGroupsHelper.sortMethods() took 0 ms.
21:31:21.499 [main] INFO  org.testng.internal.Utils - [Utils] MethodGroupsHelper.collectMethodsByGroup() took 0 ms.
21:31:21.499 [main] INFO  org.testng.internal.Utils - [Utils] MethodGroupsHelper.sortMethods() took 0 ms.
21:31:21.501 [main] INFO  org.testng.internal.Utils - [Utils] MethodGroupsHelper.collectMethodsByGroup() took 0 ms.
21:31:21.501 [main] INFO  org.testng.internal.Utils - [Utils] MethodGroupsHelper.sortMethods() took 0 ms.
21:31:21.503 [main] INFO  org.testng.internal.Utils - [Utils] MethodGroupsHelper.collectMethodsByGroup() took 0 ms.
21:31:21.503 [main] INFO  org.testng.internal.Utils - [Utils] MethodGroupsHelper.sortMethods() took 0 ms.
21:31:21.505 [main] INFO  org.testng.internal.Utils - [Utils] MethodGroupsHelper.collectMethodsByGroup() took 0 ms.
21:31:21.505 [main] INFO  org.testng.internal.Utils - [Utils] MethodGroupsHelper.sortMethods() took 0 ms.
21:31:21.507 [main] INFO  org.testng.internal.Utils - [Utils] MethodGroupsHelper.collectMethodsByGroup() took 0 ms.
21:31:21.507 [main] INFO  org.testng.internal.Utils - [Utils] MethodGroupsHelper.sortMethods() took 0 ms.
21:31:21.512 [main] INFO  org.testng.internal.Utils - [Utils] MethodGroupsHelper.collectMethodsByGroup() took 1 ms.
21:31:21.534 [main] INFO  org.testng.internal.Utils - [Utils] MethodGroupsHelper.sortMethods() took 21 ms.
21:31:21.537 [main] INFO  org.testng.internal.Utils - [Utils] MethodGroupsHelper.collectMethodsByGroup() took 0 ms.
21:31:21.538 [main] INFO  org.testng.internal.Utils - [Utils] MethodGroupsHelper.sortMethods() took 0 ms.
21:31:21.544 [main] INFO  org.testng.internal.Utils - [Utils] MethodGroupsHelper.collectMethodsByGroup() took 1 ms.
21:31:21.545 [main] INFO  org.testng.internal.Utils - [Utils] MethodGroupsHelper.sortMethods() took 0 ms.
21:31:21.545 [main] INFO  org.testng.internal.Utils - [Utils] MethodGroupsHelper.collectMethodsByGroup() took 0 ms.
21:31:21.545 [main] INFO  org.testng.internal.Utils - [Utils] MethodGroupsHelper.sortMethods() took 0 ms.
21:31:21.547 [main] INFO  org.testng.internal.Utils - [Utils] MethodGroupsHelper.collectMethodsByGroup() took 0 ms.
21:31:21.547 [main] INFO  org.testng.internal.Utils - [Utils] MethodGroupsHelper.sortMethods() took 0 ms.
21:31:21.550 [main] INFO  org.testng.internal.Utils - [Utils] MethodGroupsHelper.collectMethodsByGroup() took 0 ms.
21:31:21.551 [main] INFO  org.testng.internal.Utils - [Utils] MethodGroupsHelper.sortMethods() took 0 ms.
21:31:21.551 [main] INFO  org.testng.internal.Utils - [Utils] MethodGroupsHelper.collectMethodsByGroup() took 0 ms.
21:31:21.552 [main] INFO  org.testng.internal.Utils - [Utils] MethodGroupsHelper.sortMethods() took 0 ms.
21:31:21.568 [main] INFO  org.testng.internal.Utils - [TestNG] Running:
  C:\Users\ADMIN\eclipse-QA03\AutomationLeaf\home.xml

21:31:21.596 [main] INFO  org.testng.internal.Utils - [Invoker 204322447] Invoking @BeforeSuite BaseClass.startReport()[pri:0, instance:leaf_test.HomeTest@4dc8caa7]
21:31:22.046 [main] INFO  org.testng.internal.Utils - [SuiteRunner] Created 1 TestRunners
21:31:22.054 [main] INFO  org.testng.internal.Utils - [TestRunner] Running test HomeTest on 1  classes,  included groups:[] excluded groups:[]
21:31:22.054 [main] INFO  org.testng.TestClass - ===== Test class
leaf_test.HomeTest
21:31:22.055 [main] INFO  org.testng.TestClass -   @BeforeMethod BaseClass.browserSetup(java.lang.String,java.lang.String)[pri:0, instance:leaf_test.HomeTest@4dc8caa7]
21:31:22.055 [main] INFO  org.testng.TestClass -   @BeforeMethod HomeTest.pageSetup()[pri:0, instance:leaf_test.HomeTest@4dc8caa7]
21:31:22.055 [main] INFO  org.testng.TestClass -     @Test HomeTest.homepageTest(java.lang.String,java.lang.String)[pri:0, instance:leaf_test.HomeTest@4dc8caa7]
21:31:22.055 [main] INFO  org.testng.TestClass -   @AfterMethod BaseClass.tearDown()[pri:0, instance:leaf_test.HomeTest@4dc8caa7]
21:31:22.055 [main] INFO  org.testng.TestClass - ======
21:31:22.067 [main] INFO  org.testng.internal.Utils - [Utils] DynamicGraphHelper.createDynamicGraph() took 6 ms.
21:31:22.107 [main] INFO  org.testng.internal.Utils - [Invoker 204322447] Invoking @BeforeMethod BaseClass.browserSetup(java.lang.String,java.lang.String)[pri:0, instance:leaf_test.HomeTest@4dc8caa7]
21:31:22.174 [main] DEBUG io.github.bonigarcia.wdm.WebDriverManager - Using WebDriverManager 6.0.0
21:31:27.129 [main] DEBUG io.github.bonigarcia.wdm.cache.ResolutionCache - Resolution chrome=151 in cache (valid until 22:11:23 26/08/2026 IST)
21:31:27.131 [main] DEBUG io.github.bonigarcia.wdm.cache.ResolutionCache - Resolution chrome151=151.0.7922.138 in cache (valid until 21:11:23 27/08/2026 IST)
21:31:27.133 [main] INFO  io.github.bonigarcia.wdm.WebDriverManager - Using chromedriver 151.0.7922.138 (resolved driver for Chrome 151)
21:31:27.182 [main] DEBUG io.github.bonigarcia.wdm.WebDriverManager - Driver chromedriver 151.0.7922.138 found in cache
21:31:27.185 [main] INFO  io.github.bonigarcia.wdm.WebDriverManager - Exporting webdriver.chrome.driver as C:\Users\ADMIN\.cache\selenium\chromedriver\win64\151.0.7922.138\chromedriver.exe
21:32:14.673 [main] INFO  leaf_base.BaseClass - Launched Browser: chrome
21:32:14.702 [main] INFO  org.testng.internal.Utils - Failed to invoke configuration method leaf_base.BaseClass.browserSetup:Cannot invoke "org.openqa.selenium.WebDriver.manage()" because "leaf_base.BaseClass.driver" is null
21:32:15.383 [main] INFO  org.testng.internal.Utils - [Invoker 204322447] Skipping @BeforeMethod HomeTest.pageSetup()[pri:0, instance:leaf_test.HomeTest@4dc8caa7]
21:32:16.125 [main] INFO  org.testng.internal.Utils - [Invoker 204322447] Skipping @AfterMethod BaseClass.tearDown()[pri:0, instance:leaf_test.HomeTest@4dc8caa7]
21:32:34.364 [main] INFO  org.testng.internal.Utils - [[Utils]] Attempting to create C:\Users\ADMIN\eclipse-QA03\AutomationLeaf\test-output\HomeSuite\HomeTest.xml
21:32:34.365 [main] INFO  org.testng.internal.Utils - [[Utils]]   Directory C:\Users\ADMIN\eclipse-QA03\AutomationLeaf\test-output\HomeSuite exists: true
21:32:34.366 [main] INFO  org.testng.internal.Utils - Creating C:\Users\ADMIN\eclipse-QA03\AutomationLeaf\test-output\HomeSuite\HomeTest.xml
21:32:34.678 [main] INFO  org.testng.internal.Utils - [Invoker 204322447] Skipping @AfterSuite BaseClass.endReport()[pri:0, instance:leaf_test.HomeTest@4dc8caa7]
21:32:35.782 [main] INFO  org.testng.internal.Utils - [TestNG] Time taken by org.testng.reporters.jq.Main@45e9b12d: 1073 ms
21:32:35.917 [main] INFO  org.testng.internal.Utils - [[Utils]] Attempting to create C:\Users\ADMIN\eclipse-QA03\AutomationLeaf\test-output\testng-failed.xml
21:32:35.918 [main] INFO  org.testng.internal.Utils - [[Utils]]   Directory C:\Users\ADMIN\eclipse-QA03\AutomationLeaf\test-output exists: true
21:32:35.919 [main] INFO  org.testng.internal.Utils - Creating C:\Users\ADMIN\eclipse-QA03\AutomationLeaf\test-output\testng-failed.xml
21:32:35.923 [main] INFO  org.testng.internal.Utils - [[Utils]] Attempting to create C:\Users\ADMIN\eclipse-QA03\AutomationLeaf\test-output\HomeSuite\testng-failed.xml
21:32:35.924 [main] INFO  org.testng.internal.Utils - [[Utils]]   Directory C:\Users\ADMIN\eclipse-QA03\AutomationLeaf\test-output\HomeSuite exists: true
21:32:35.925 [main] INFO  org.testng.internal.Utils - Creating C:\Users\ADMIN\eclipse-QA03\AutomationLeaf\test-output\HomeSuite\testng-failed.xml
21:32:35.926 [main] INFO  org.testng.internal.Utils - [TestNG] Time taken by org.testng.reporters.FailedReporter@6949e948: 142 ms
21:32:35.960 [main] INFO  org.testng.internal.Utils - [TestNG] Time taken by org.testng.reporters.XMLReporter@3166f664: 34 ms
21:32:35.975 [main] INFO  org.testng.internal.Utils - [TestNG] Time taken by org.testng.reporters.EmailableReporter2@2935fd2c: 14 ms
21:32:35.985 [main] INFO  org.testng.internal.Utils - [[Utils]] Attempting to create C:\Users\ADMIN\eclipse-QA03\AutomationLeaf\test-output\junitreports\TEST-leaf_test.HomeTest.xml
21:32:35.986 [main] INFO  org.testng.internal.Utils - [[Utils]]   Directory C:\Users\ADMIN\eclipse-QA03\AutomationLeaf\test-output\junitreports exists: true
21:32:35.988 [main] INFO  org.testng.internal.Utils - Creating C:\Users\ADMIN\eclipse-QA03\AutomationLeaf\test-output\junitreports\TEST-leaf_test.HomeTest.xml
21:32:35.988 [main] INFO  org.testng.internal.Utils - [TestNG] Time taken by org.testng.reporters.JUnitReportReporter@7523a3dc: 13 ms
21:32:35.989 [main] INFO  org.testng.internal.Utils - [TestNG] Time taken by org.testng.internal.ExitCodeListener@2806d6da: 0 ms
21:37:28.172 [main] DEBUG org.testng.TestNG - suiteXmlPath: "C:\Users\ADMIN\eclipse-QA03\AutomationLeaf\home.xml"
21:37:30.881 [main] INFO  org.testng.internal.Utils - [TestRunner] Running the tests in 'HomeTest' with parallel mode:tests
21:37:30.886 [main] INFO  org.testng.internal.Utils - [RunInfo] Adding method selector: org.testng.internal.XmlMethodSelector@63787180 priority: 10
21:37:31.078 [main] INFO  org.testng.internal.Utils - [TestClass] Creating TestClass for [ClassImpl class=leaf_test.HomeTest]
21:37:31.315 [main] INFO  org.testng.internal.Utils - [Utils] MethodGroupsHelper.collectMethodsByGroup() took 41 ms.
21:37:31.499 [main] INFO  org.testng.internal.Utils - [Utils] MethodGroupsHelper.sortMethods() took 177 ms.
21:37:31.504 [main] INFO  org.testng.internal.Utils - [Utils] MethodGroupsHelper.collectMethodsByGroup() took 0 ms.
21:37:31.506 [main] INFO  org.testng.internal.Utils - [Utils] MethodGroupsHelper.sortMethods() took 1 ms.
21:37:31.508 [main] INFO  org.testng.internal.Utils - [Utils] MethodGroupsHelper.collectMethodsByGroup() took 0 ms.
21:37:31.509 [main] INFO  org.testng.internal.Utils - [Utils] MethodGroupsHelper.sortMethods() took 0 ms.
21:37:31.510 [main] INFO  org.testng.internal.Utils - [Utils] MethodGroupsHelper.collectMethodsByGroup() took 0 ms.
21:37:31.510 [main] INFO  org.testng.internal.Utils - [Utils] MethodGroupsHelper.sortMethods() took 0 ms.
21:37:31.512 [main] INFO  org.testng.internal.Utils - [Utils] MethodGroupsHelper.collectMethodsByGroup() took 0 ms.
21:37:31.512 [main] INFO  org.testng.internal.Utils - [Utils] MethodGroupsHelper.sortMethods() took 0 ms.
21:37:31.514 [main] INFO  org.testng.internal.Utils - [Utils] MethodGroupsHelper.collectMethodsByGroup() took 0 ms.
21:37:31.515 [main] INFO  org.testng.internal.Utils - [Utils] MethodGroupsHelper.sortMethods() took 0 ms.
21:37:31.516 [main] INFO  org.testng.internal.Utils - [Utils] MethodGroupsHelper.collectMethodsByGroup() took 0 ms.
21:37:31.517 [main] INFO  org.testng.internal.Utils - [Utils] MethodGroupsHelper.sortMethods() took 0 ms.
21:37:31.518 [main] INFO  org.testng.internal.Utils - [Utils] MethodGroupsHelper.collectMethodsByGroup() took 0 ms.
21:37:31.518 [main] INFO  org.testng.internal.Utils - [Utils] MethodGroupsHelper.sortMethods() took 0 ms.
21:37:31.525 [main] INFO  org.testng.internal.Utils - [Utils] MethodGroupsHelper.collectMethodsByGroup() took 0 ms.
21:37:31.552 [main] INFO  org.testng.internal.Utils - [Utils] MethodGroupsHelper.sortMethods() took 25 ms.
21:37:31.556 [main] INFO  org.testng.internal.Utils - [Utils] MethodGroupsHelper.collectMethodsByGroup() took 0 ms.
21:37:31.557 [main] INFO  org.testng.internal.Utils - [Utils] MethodGroupsHelper.sortMethods() took 0 ms.
21:37:31.587 [main] INFO  org.testng.internal.Utils - [Utils] MethodGroupsHelper.collectMethodsByGroup() took 0 ms.
21:37:31.587 [main] INFO  org.testng.internal.Utils - [Utils] MethodGroupsHelper.sortMethods() took 0 ms.
21:37:31.588 [main] INFO  org.testng.internal.Utils - [Utils] MethodGroupsHelper.collectMethodsByGroup() took 0 ms.
21:37:31.588 [main] INFO  org.testng.internal.Utils - [Utils] MethodGroupsHelper.sortMethods() took 0 ms.
21:37:31.590 [main] INFO  org.testng.internal.Utils - [Utils] MethodGroupsHelper.collectMethodsByGroup() took 0 ms.
21:37:31.591 [main] INFO  org.testng.internal.Utils - [Utils] MethodGroupsHelper.sortMethods() took 0 ms.
21:37:31.594 [main] INFO  org.testng.internal.Utils - [Utils] MethodGroupsHelper.collectMethodsByGroup() took 0 ms.
21:37:31.594 [main] INFO  org.testng.internal.Utils - [Utils] MethodGroupsHelper.sortMethods() took 0 ms.
21:37:31.594 [main] INFO  org.testng.internal.Utils - [Utils] MethodGroupsHelper.collectMethodsByGroup() took 0 ms.
21:37:31.595 [main] INFO  org.testng.internal.Utils - [Utils] MethodGroupsHelper.sortMethods() took 0 ms.
21:37:31.611 [main] INFO  org.testng.internal.Utils - [TestNG] Running:
  C:\Users\ADMIN\eclipse-QA03\AutomationLeaf\home.xml

21:37:31.684 [main] INFO  org.testng.internal.Utils - [Invoker 1479140596] Invoking @BeforeSuite BaseClass.startReport()[pri:0, instance:leaf_test.HomeTest@3243b914]
21:37:36.729 [main] INFO  org.testng.internal.Utils - [SuiteRunner] Created 1 TestRunners
